ARM GAS  /tmp/ccAuUfl1.s 			page 1


   1              		.cpu cortex-m3
   2              		.arch armv7-m
   3              		.fpu softvfp
   4              		.eabi_attribute 20, 1
   5              		.eabi_attribute 21, 1
   6              		.eabi_attribute 23, 3
   7              		.eabi_attribute 24, 1
   8              		.eabi_attribute 25, 1
   9              		.eabi_attribute 26, 1
  10              		.eabi_attribute 30, 1
  11              		.eabi_attribute 34, 1
  12              		.eabi_attribute 18, 4
  13              		.file	"stm32f2xx_hal_exti.c"
  14              		.text
  15              	.Ltext0:
  16              		.cfi_sections	.debug_frame
  17              		.file 1 "Drivers/STM32F2xx_HAL_Driver/Src/stm32f2xx_hal_exti.c"
  18              		.section	.text.HAL_EXTI_SetConfigLine,"ax",%progbits
  19              		.align	1
  20              		.global	HAL_EXTI_SetConfigLine
  21              		.syntax unified
  22              		.thumb
  23              		.thumb_func
  25              	HAL_EXTI_SetConfigLine:
  26              	.LVL0:
  27              	.LFB72:
   1:Drivers/STM32F2xx_HAL_Driver/Src/stm32f2xx_hal_exti.c **** /**
   2:Drivers/STM32F2xx_HAL_Driver/Src/stm32f2xx_hal_exti.c ****   ******************************************************************************
   3:Drivers/STM32F2xx_HAL_Driver/Src/stm32f2xx_hal_exti.c ****   * @file    stm32f2xx_hal_exti.c
   4:Drivers/STM32F2xx_HAL_Driver/Src/stm32f2xx_hal_exti.c ****   * @author  MCD Application Team
   5:Drivers/STM32F2xx_HAL_Driver/Src/stm32f2xx_hal_exti.c ****   * @brief   EXTI HAL module driver.
   6:Drivers/STM32F2xx_HAL_Driver/Src/stm32f2xx_hal_exti.c ****   *          This file provides firmware functions to manage the following
   7:Drivers/STM32F2xx_HAL_Driver/Src/stm32f2xx_hal_exti.c ****   *          functionalities of the Extended Interrupts and events controller (EXTI) peripheral:
   8:Drivers/STM32F2xx_HAL_Driver/Src/stm32f2xx_hal_exti.c ****   *           + Initialization and de-initialization functions
   9:Drivers/STM32F2xx_HAL_Driver/Src/stm32f2xx_hal_exti.c ****   *           + IO operation functions
  10:Drivers/STM32F2xx_HAL_Driver/Src/stm32f2xx_hal_exti.c ****   *
  11:Drivers/STM32F2xx_HAL_Driver/Src/stm32f2xx_hal_exti.c ****   ******************************************************************************
  12:Drivers/STM32F2xx_HAL_Driver/Src/stm32f2xx_hal_exti.c ****   * @attention
  13:Drivers/STM32F2xx_HAL_Driver/Src/stm32f2xx_hal_exti.c ****   *
  14:Drivers/STM32F2xx_HAL_Driver/Src/stm32f2xx_hal_exti.c ****   * Copyright (c) 2019 STMicroelectronics.
  15:Drivers/STM32F2xx_HAL_Driver/Src/stm32f2xx_hal_exti.c ****   * All rights reserved.
  16:Drivers/STM32F2xx_HAL_Driver/Src/stm32f2xx_hal_exti.c ****   *
  17:Drivers/STM32F2xx_HAL_Driver/Src/stm32f2xx_hal_exti.c ****   * This software is licensed under terms that can be found in the LICENSE file
  18:Drivers/STM32F2xx_HAL_Driver/Src/stm32f2xx_hal_exti.c ****   * in the root directory of this software component.
  19:Drivers/STM32F2xx_HAL_Driver/Src/stm32f2xx_hal_exti.c ****   * If no LICENSE file comes with this software, it is provided AS-IS.
  20:Drivers/STM32F2xx_HAL_Driver/Src/stm32f2xx_hal_exti.c ****   *
  21:Drivers/STM32F2xx_HAL_Driver/Src/stm32f2xx_hal_exti.c ****   ******************************************************************************
  22:Drivers/STM32F2xx_HAL_Driver/Src/stm32f2xx_hal_exti.c ****   @verbatim
  23:Drivers/STM32F2xx_HAL_Driver/Src/stm32f2xx_hal_exti.c ****   ==============================================================================
  24:Drivers/STM32F2xx_HAL_Driver/Src/stm32f2xx_hal_exti.c ****                     ##### EXTI Peripheral features #####
  25:Drivers/STM32F2xx_HAL_Driver/Src/stm32f2xx_hal_exti.c ****   ==============================================================================
  26:Drivers/STM32F2xx_HAL_Driver/Src/stm32f2xx_hal_exti.c ****   [..]
  27:Drivers/STM32F2xx_HAL_Driver/Src/stm32f2xx_hal_exti.c ****     (+) Each Exti line can be configured within this driver.
  28:Drivers/STM32F2xx_HAL_Driver/Src/stm32f2xx_hal_exti.c **** 
  29:Drivers/STM32F2xx_HAL_Driver/Src/stm32f2xx_hal_exti.c ****     (+) Exti line can be configured in 3 different modes
  30:Drivers/STM32F2xx_HAL_Driver/Src/stm32f2xx_hal_exti.c ****         (++) Interrupt
  31:Drivers/STM32F2xx_HAL_Driver/Src/stm32f2xx_hal_exti.c ****         (++) Event
ARM GAS  /tmp/ccAuUfl1.s 			page 2


  32:Drivers/STM32F2xx_HAL_Driver/Src/stm32f2xx_hal_exti.c ****         (++) Both of them
  33:Drivers/STM32F2xx_HAL_Driver/Src/stm32f2xx_hal_exti.c **** 
  34:Drivers/STM32F2xx_HAL_Driver/Src/stm32f2xx_hal_exti.c ****     (+) Configurable Exti lines can be configured with 3 different triggers
  35:Drivers/STM32F2xx_HAL_Driver/Src/stm32f2xx_hal_exti.c ****         (++) Rising
  36:Drivers/STM32F2xx_HAL_Driver/Src/stm32f2xx_hal_exti.c ****         (++) Falling
  37:Drivers/STM32F2xx_HAL_Driver/Src/stm32f2xx_hal_exti.c ****         (++) Both of them
  38:Drivers/STM32F2xx_HAL_Driver/Src/stm32f2xx_hal_exti.c **** 
  39:Drivers/STM32F2xx_HAL_Driver/Src/stm32f2xx_hal_exti.c ****     (+) When set in interrupt mode, configurable Exti lines have two different
  40:Drivers/STM32F2xx_HAL_Driver/Src/stm32f2xx_hal_exti.c ****         interrupts pending registers which allow to distinguish which transition
  41:Drivers/STM32F2xx_HAL_Driver/Src/stm32f2xx_hal_exti.c ****         occurs:
  42:Drivers/STM32F2xx_HAL_Driver/Src/stm32f2xx_hal_exti.c ****         (++) Rising edge pending interrupt
  43:Drivers/STM32F2xx_HAL_Driver/Src/stm32f2xx_hal_exti.c ****         (++) Falling
  44:Drivers/STM32F2xx_HAL_Driver/Src/stm32f2xx_hal_exti.c **** 
  45:Drivers/STM32F2xx_HAL_Driver/Src/stm32f2xx_hal_exti.c ****     (+) Exti lines 0 to 15 are linked to gpio pin number 0 to 15. Gpio port can
  46:Drivers/STM32F2xx_HAL_Driver/Src/stm32f2xx_hal_exti.c ****         be selected through multiplexer.
  47:Drivers/STM32F2xx_HAL_Driver/Src/stm32f2xx_hal_exti.c **** 
  48:Drivers/STM32F2xx_HAL_Driver/Src/stm32f2xx_hal_exti.c ****                      ##### How to use this driver #####
  49:Drivers/STM32F2xx_HAL_Driver/Src/stm32f2xx_hal_exti.c ****   ==============================================================================
  50:Drivers/STM32F2xx_HAL_Driver/Src/stm32f2xx_hal_exti.c ****   [..]
  51:Drivers/STM32F2xx_HAL_Driver/Src/stm32f2xx_hal_exti.c **** 
  52:Drivers/STM32F2xx_HAL_Driver/Src/stm32f2xx_hal_exti.c ****     (#) Configure the EXTI line using HAL_EXTI_SetConfigLine().
  53:Drivers/STM32F2xx_HAL_Driver/Src/stm32f2xx_hal_exti.c ****         (++) Choose the interrupt line number by setting "Line" member from
  54:Drivers/STM32F2xx_HAL_Driver/Src/stm32f2xx_hal_exti.c ****              EXTI_ConfigTypeDef structure.
  55:Drivers/STM32F2xx_HAL_Driver/Src/stm32f2xx_hal_exti.c ****         (++) Configure the interrupt and/or event mode using "Mode" member from
  56:Drivers/STM32F2xx_HAL_Driver/Src/stm32f2xx_hal_exti.c ****              EXTI_ConfigTypeDef structure.
  57:Drivers/STM32F2xx_HAL_Driver/Src/stm32f2xx_hal_exti.c ****         (++) For configurable lines, configure rising and/or falling trigger
  58:Drivers/STM32F2xx_HAL_Driver/Src/stm32f2xx_hal_exti.c ****              "Trigger" member from EXTI_ConfigTypeDef structure.
  59:Drivers/STM32F2xx_HAL_Driver/Src/stm32f2xx_hal_exti.c ****         (++) For Exti lines linked to gpio, choose gpio port using "GPIOSel"
  60:Drivers/STM32F2xx_HAL_Driver/Src/stm32f2xx_hal_exti.c ****              member from GPIO_InitTypeDef structure.
  61:Drivers/STM32F2xx_HAL_Driver/Src/stm32f2xx_hal_exti.c **** 
  62:Drivers/STM32F2xx_HAL_Driver/Src/stm32f2xx_hal_exti.c ****     (#) Get current Exti configuration of a dedicated line using
  63:Drivers/STM32F2xx_HAL_Driver/Src/stm32f2xx_hal_exti.c ****         HAL_EXTI_GetConfigLine().
  64:Drivers/STM32F2xx_HAL_Driver/Src/stm32f2xx_hal_exti.c ****         (++) Provide exiting handle as parameter.
  65:Drivers/STM32F2xx_HAL_Driver/Src/stm32f2xx_hal_exti.c ****         (++) Provide pointer on EXTI_ConfigTypeDef structure as second parameter.
  66:Drivers/STM32F2xx_HAL_Driver/Src/stm32f2xx_hal_exti.c **** 
  67:Drivers/STM32F2xx_HAL_Driver/Src/stm32f2xx_hal_exti.c ****     (#) Clear Exti configuration of a dedicated line using HAL_EXTI_ClearConfigLine().
  68:Drivers/STM32F2xx_HAL_Driver/Src/stm32f2xx_hal_exti.c ****         (++) Provide exiting handle as parameter.
  69:Drivers/STM32F2xx_HAL_Driver/Src/stm32f2xx_hal_exti.c **** 
  70:Drivers/STM32F2xx_HAL_Driver/Src/stm32f2xx_hal_exti.c ****     (#) Register callback to treat Exti interrupts using HAL_EXTI_RegisterCallback().
  71:Drivers/STM32F2xx_HAL_Driver/Src/stm32f2xx_hal_exti.c ****         (++) Provide exiting handle as first parameter.
  72:Drivers/STM32F2xx_HAL_Driver/Src/stm32f2xx_hal_exti.c ****         (++) Provide which callback will be registered using one value from
  73:Drivers/STM32F2xx_HAL_Driver/Src/stm32f2xx_hal_exti.c ****              EXTI_CallbackIDTypeDef.
  74:Drivers/STM32F2xx_HAL_Driver/Src/stm32f2xx_hal_exti.c ****         (++) Provide callback function pointer.
  75:Drivers/STM32F2xx_HAL_Driver/Src/stm32f2xx_hal_exti.c **** 
  76:Drivers/STM32F2xx_HAL_Driver/Src/stm32f2xx_hal_exti.c ****     (#) Get interrupt pending bit using HAL_EXTI_GetPending().
  77:Drivers/STM32F2xx_HAL_Driver/Src/stm32f2xx_hal_exti.c **** 
  78:Drivers/STM32F2xx_HAL_Driver/Src/stm32f2xx_hal_exti.c ****     (#) Clear interrupt pending bit using HAL_EXTI_ClearPending().
  79:Drivers/STM32F2xx_HAL_Driver/Src/stm32f2xx_hal_exti.c **** 
  80:Drivers/STM32F2xx_HAL_Driver/Src/stm32f2xx_hal_exti.c ****     (#) Generate software interrupt using HAL_EXTI_GenerateSWI().
  81:Drivers/STM32F2xx_HAL_Driver/Src/stm32f2xx_hal_exti.c **** 
  82:Drivers/STM32F2xx_HAL_Driver/Src/stm32f2xx_hal_exti.c ****   @endverbatim
  83:Drivers/STM32F2xx_HAL_Driver/Src/stm32f2xx_hal_exti.c ****   ******************************************************************************
  84:Drivers/STM32F2xx_HAL_Driver/Src/stm32f2xx_hal_exti.c ****   */
  85:Drivers/STM32F2xx_HAL_Driver/Src/stm32f2xx_hal_exti.c **** 
  86:Drivers/STM32F2xx_HAL_Driver/Src/stm32f2xx_hal_exti.c **** /* Includes ------------------------------------------------------------------*/
  87:Drivers/STM32F2xx_HAL_Driver/Src/stm32f2xx_hal_exti.c **** #include "stm32f2xx_hal.h"
  88:Drivers/STM32F2xx_HAL_Driver/Src/stm32f2xx_hal_exti.c **** 
ARM GAS  /tmp/ccAuUfl1.s 			page 3


  89:Drivers/STM32F2xx_HAL_Driver/Src/stm32f2xx_hal_exti.c **** /** @addtogroup STM32F2xx_HAL_Driver
  90:Drivers/STM32F2xx_HAL_Driver/Src/stm32f2xx_hal_exti.c ****   * @{
  91:Drivers/STM32F2xx_HAL_Driver/Src/stm32f2xx_hal_exti.c ****   */
  92:Drivers/STM32F2xx_HAL_Driver/Src/stm32f2xx_hal_exti.c **** 
  93:Drivers/STM32F2xx_HAL_Driver/Src/stm32f2xx_hal_exti.c **** /** @addtogroup EXTI
  94:Drivers/STM32F2xx_HAL_Driver/Src/stm32f2xx_hal_exti.c ****   * @{
  95:Drivers/STM32F2xx_HAL_Driver/Src/stm32f2xx_hal_exti.c ****   */
  96:Drivers/STM32F2xx_HAL_Driver/Src/stm32f2xx_hal_exti.c **** /** MISRA C:2012 deviation rule has been granted for following rule:
  97:Drivers/STM32F2xx_HAL_Driver/Src/stm32f2xx_hal_exti.c ****   * Rule-18.1_b - Medium: Array `EXTICR' 1st subscript interval [0,7] may be out
  98:Drivers/STM32F2xx_HAL_Driver/Src/stm32f2xx_hal_exti.c ****   * of bounds [0,3] in following API :
  99:Drivers/STM32F2xx_HAL_Driver/Src/stm32f2xx_hal_exti.c ****   * HAL_EXTI_SetConfigLine
 100:Drivers/STM32F2xx_HAL_Driver/Src/stm32f2xx_hal_exti.c ****   * HAL_EXTI_GetConfigLine
 101:Drivers/STM32F2xx_HAL_Driver/Src/stm32f2xx_hal_exti.c ****   * HAL_EXTI_ClearConfigLine
 102:Drivers/STM32F2xx_HAL_Driver/Src/stm32f2xx_hal_exti.c ****   */
 103:Drivers/STM32F2xx_HAL_Driver/Src/stm32f2xx_hal_exti.c **** 
 104:Drivers/STM32F2xx_HAL_Driver/Src/stm32f2xx_hal_exti.c **** #ifdef HAL_EXTI_MODULE_ENABLED
 105:Drivers/STM32F2xx_HAL_Driver/Src/stm32f2xx_hal_exti.c **** 
 106:Drivers/STM32F2xx_HAL_Driver/Src/stm32f2xx_hal_exti.c **** /* Private typedef -----------------------------------------------------------*/
 107:Drivers/STM32F2xx_HAL_Driver/Src/stm32f2xx_hal_exti.c **** /* Private defines -----------------------------------------------------------*/
 108:Drivers/STM32F2xx_HAL_Driver/Src/stm32f2xx_hal_exti.c **** /** @defgroup EXTI_Private_Constants EXTI Private Constants
 109:Drivers/STM32F2xx_HAL_Driver/Src/stm32f2xx_hal_exti.c ****   * @{
 110:Drivers/STM32F2xx_HAL_Driver/Src/stm32f2xx_hal_exti.c ****   */
 111:Drivers/STM32F2xx_HAL_Driver/Src/stm32f2xx_hal_exti.c **** 
 112:Drivers/STM32F2xx_HAL_Driver/Src/stm32f2xx_hal_exti.c **** /**
 113:Drivers/STM32F2xx_HAL_Driver/Src/stm32f2xx_hal_exti.c ****   * @}
 114:Drivers/STM32F2xx_HAL_Driver/Src/stm32f2xx_hal_exti.c ****   */
 115:Drivers/STM32F2xx_HAL_Driver/Src/stm32f2xx_hal_exti.c **** 
 116:Drivers/STM32F2xx_HAL_Driver/Src/stm32f2xx_hal_exti.c **** /* Private macros ------------------------------------------------------------*/
 117:Drivers/STM32F2xx_HAL_Driver/Src/stm32f2xx_hal_exti.c **** /* Private variables ---------------------------------------------------------*/
 118:Drivers/STM32F2xx_HAL_Driver/Src/stm32f2xx_hal_exti.c **** /* Private function prototypes -----------------------------------------------*/
 119:Drivers/STM32F2xx_HAL_Driver/Src/stm32f2xx_hal_exti.c **** /* Exported functions --------------------------------------------------------*/
 120:Drivers/STM32F2xx_HAL_Driver/Src/stm32f2xx_hal_exti.c **** 
 121:Drivers/STM32F2xx_HAL_Driver/Src/stm32f2xx_hal_exti.c **** /** @addtogroup EXTI_Exported_Functions
 122:Drivers/STM32F2xx_HAL_Driver/Src/stm32f2xx_hal_exti.c ****   * @{
 123:Drivers/STM32F2xx_HAL_Driver/Src/stm32f2xx_hal_exti.c ****   */
 124:Drivers/STM32F2xx_HAL_Driver/Src/stm32f2xx_hal_exti.c **** 
 125:Drivers/STM32F2xx_HAL_Driver/Src/stm32f2xx_hal_exti.c **** /** @addtogroup EXTI_Exported_Functions_Group1
 126:Drivers/STM32F2xx_HAL_Driver/Src/stm32f2xx_hal_exti.c ****   *  @brief    Configuration functions
 127:Drivers/STM32F2xx_HAL_Driver/Src/stm32f2xx_hal_exti.c ****   *
 128:Drivers/STM32F2xx_HAL_Driver/Src/stm32f2xx_hal_exti.c **** @verbatim
 129:Drivers/STM32F2xx_HAL_Driver/Src/stm32f2xx_hal_exti.c ****  ===============================================================================
 130:Drivers/STM32F2xx_HAL_Driver/Src/stm32f2xx_hal_exti.c ****               ##### Configuration functions #####
 131:Drivers/STM32F2xx_HAL_Driver/Src/stm32f2xx_hal_exti.c ****  ===============================================================================
 132:Drivers/STM32F2xx_HAL_Driver/Src/stm32f2xx_hal_exti.c **** 
 133:Drivers/STM32F2xx_HAL_Driver/Src/stm32f2xx_hal_exti.c **** @endverbatim
 134:Drivers/STM32F2xx_HAL_Driver/Src/stm32f2xx_hal_exti.c ****   * @{
 135:Drivers/STM32F2xx_HAL_Driver/Src/stm32f2xx_hal_exti.c ****   */
 136:Drivers/STM32F2xx_HAL_Driver/Src/stm32f2xx_hal_exti.c **** 
 137:Drivers/STM32F2xx_HAL_Driver/Src/stm32f2xx_hal_exti.c **** /**
 138:Drivers/STM32F2xx_HAL_Driver/Src/stm32f2xx_hal_exti.c ****   * @brief  Set configuration of a dedicated Exti line.
 139:Drivers/STM32F2xx_HAL_Driver/Src/stm32f2xx_hal_exti.c ****   * @param  hexti Exti handle.
 140:Drivers/STM32F2xx_HAL_Driver/Src/stm32f2xx_hal_exti.c ****   * @param  pExtiConfig Pointer on EXTI configuration to be set.
 141:Drivers/STM32F2xx_HAL_Driver/Src/stm32f2xx_hal_exti.c ****   * @retval HAL Status.
 142:Drivers/STM32F2xx_HAL_Driver/Src/stm32f2xx_hal_exti.c ****   */
 143:Drivers/STM32F2xx_HAL_Driver/Src/stm32f2xx_hal_exti.c **** HAL_StatusTypeDef HAL_EXTI_SetConfigLine(EXTI_HandleTypeDef *hexti, EXTI_ConfigTypeDef *pExtiConfig
 144:Drivers/STM32F2xx_HAL_Driver/Src/stm32f2xx_hal_exti.c **** {
  28              		.loc 1 144 1 view -0
ARM GAS  /tmp/ccAuUfl1.s 			page 4


  29              		.cfi_startproc
  30              		@ args = 0, pretend = 0, frame = 0
  31              		@ frame_needed = 0, uses_anonymous_args = 0
  32              		@ link register save eliminated.
 145:Drivers/STM32F2xx_HAL_Driver/Src/stm32f2xx_hal_exti.c ****   uint32_t regval;
  33              		.loc 1 145 3 view .LVU1
 146:Drivers/STM32F2xx_HAL_Driver/Src/stm32f2xx_hal_exti.c ****   uint32_t linepos;
  34              		.loc 1 146 3 view .LVU2
 147:Drivers/STM32F2xx_HAL_Driver/Src/stm32f2xx_hal_exti.c ****   uint32_t maskline;
  35              		.loc 1 147 3 view .LVU3
 148:Drivers/STM32F2xx_HAL_Driver/Src/stm32f2xx_hal_exti.c **** 
 149:Drivers/STM32F2xx_HAL_Driver/Src/stm32f2xx_hal_exti.c ****   /* Check null pointer */
 150:Drivers/STM32F2xx_HAL_Driver/Src/stm32f2xx_hal_exti.c ****   if ((hexti == NULL) || (pExtiConfig == NULL))
  36              		.loc 1 150 3 view .LVU4
  37              		.loc 1 150 6 is_stmt 0 view .LVU5
  38 0000 0028     		cmp	r0, #0
  39 0002 60D0     		beq	.L11
  40              		.loc 1 150 23 discriminator 1 view .LVU6
  41 0004 0029     		cmp	r1, #0
  42 0006 60D0     		beq	.L12
 144:Drivers/STM32F2xx_HAL_Driver/Src/stm32f2xx_hal_exti.c ****   uint32_t regval;
  43              		.loc 1 144 1 view .LVU7
  44 0008 70B4     		push	{r4, r5, r6}
  45              	.LCFI0:
  46              		.cfi_def_cfa_offset 12
  47              		.cfi_offset 4, -12
  48              		.cfi_offset 5, -8
  49              		.cfi_offset 6, -4
 151:Drivers/STM32F2xx_HAL_Driver/Src/stm32f2xx_hal_exti.c ****   {
 152:Drivers/STM32F2xx_HAL_Driver/Src/stm32f2xx_hal_exti.c ****     return HAL_ERROR;
 153:Drivers/STM32F2xx_HAL_Driver/Src/stm32f2xx_hal_exti.c ****   }
 154:Drivers/STM32F2xx_HAL_Driver/Src/stm32f2xx_hal_exti.c **** 
 155:Drivers/STM32F2xx_HAL_Driver/Src/stm32f2xx_hal_exti.c ****   /* Check parameters */
 156:Drivers/STM32F2xx_HAL_Driver/Src/stm32f2xx_hal_exti.c ****   assert_param(IS_EXTI_LINE(pExtiConfig->Line));
  50              		.loc 1 156 3 is_stmt 1 view .LVU8
 157:Drivers/STM32F2xx_HAL_Driver/Src/stm32f2xx_hal_exti.c ****   assert_param(IS_EXTI_MODE(pExtiConfig->Mode));
  51              		.loc 1 157 3 view .LVU9
 158:Drivers/STM32F2xx_HAL_Driver/Src/stm32f2xx_hal_exti.c **** 
 159:Drivers/STM32F2xx_HAL_Driver/Src/stm32f2xx_hal_exti.c ****   /* Assign line number to handle */
 160:Drivers/STM32F2xx_HAL_Driver/Src/stm32f2xx_hal_exti.c ****   hexti->Line = pExtiConfig->Line;
  52              		.loc 1 160 3 view .LVU10
  53              		.loc 1 160 28 is_stmt 0 view .LVU11
  54 000a 0B68     		ldr	r3, [r1]
  55              		.loc 1 160 15 view .LVU12
  56 000c 0360     		str	r3, [r0]
 161:Drivers/STM32F2xx_HAL_Driver/Src/stm32f2xx_hal_exti.c **** 
 162:Drivers/STM32F2xx_HAL_Driver/Src/stm32f2xx_hal_exti.c ****   /* Compute line mask */
 163:Drivers/STM32F2xx_HAL_Driver/Src/stm32f2xx_hal_exti.c ****   linepos = (pExtiConfig->Line & EXTI_PIN_MASK);
  57              		.loc 1 163 3 is_stmt 1 view .LVU13
  58              		.loc 1 163 11 is_stmt 0 view .LVU14
  59 000e 03F01F02 		and	r2, r3, #31
  60              	.LVL1:
 164:Drivers/STM32F2xx_HAL_Driver/Src/stm32f2xx_hal_exti.c ****   maskline = (1uL << linepos);
  61              		.loc 1 164 3 is_stmt 1 view .LVU15
  62              		.loc 1 164 12 is_stmt 0 view .LVU16
  63 0012 0120     		movs	r0, #1
  64              	.LVL2:
ARM GAS  /tmp/ccAuUfl1.s 			page 5


  65              		.loc 1 164 12 view .LVU17
  66 0014 9040     		lsls	r0, r0, r2
  67              	.LVL3:
 165:Drivers/STM32F2xx_HAL_Driver/Src/stm32f2xx_hal_exti.c **** 
 166:Drivers/STM32F2xx_HAL_Driver/Src/stm32f2xx_hal_exti.c ****   /* Configure triggers for configurable lines */
 167:Drivers/STM32F2xx_HAL_Driver/Src/stm32f2xx_hal_exti.c ****   if ((pExtiConfig->Line & EXTI_CONFIG) != 0x00u)
  68              		.loc 1 167 3 is_stmt 1 view .LVU18
  69              		.loc 1 167 6 is_stmt 0 view .LVU19
  70 0016 13F0007F 		tst	r3, #33554432
  71 001a 15D0     		beq	.L3
 168:Drivers/STM32F2xx_HAL_Driver/Src/stm32f2xx_hal_exti.c ****   {
 169:Drivers/STM32F2xx_HAL_Driver/Src/stm32f2xx_hal_exti.c ****     assert_param(IS_EXTI_TRIGGER(pExtiConfig->Trigger));
  72              		.loc 1 169 5 is_stmt 1 view .LVU20
 170:Drivers/STM32F2xx_HAL_Driver/Src/stm32f2xx_hal_exti.c **** 
 171:Drivers/STM32F2xx_HAL_Driver/Src/stm32f2xx_hal_exti.c ****     /* Configure rising trigger */
 172:Drivers/STM32F2xx_HAL_Driver/Src/stm32f2xx_hal_exti.c ****     /* Mask or set line */
 173:Drivers/STM32F2xx_HAL_Driver/Src/stm32f2xx_hal_exti.c ****     if ((pExtiConfig->Trigger & EXTI_TRIGGER_RISING) != 0x00u)
  73              		.loc 1 173 5 view .LVU21
  74              		.loc 1 173 8 is_stmt 0 view .LVU22
  75 001c 8C68     		ldr	r4, [r1, #8]
  76 001e 14F0010F 		tst	r4, #1
  77 0022 24D0     		beq	.L4
 174:Drivers/STM32F2xx_HAL_Driver/Src/stm32f2xx_hal_exti.c ****     {
 175:Drivers/STM32F2xx_HAL_Driver/Src/stm32f2xx_hal_exti.c ****       EXTI->RTSR |= maskline;
  78              		.loc 1 175 7 is_stmt 1 view .LVU23
  79              		.loc 1 175 11 is_stmt 0 view .LVU24
  80 0024 2A4D     		ldr	r5, .L18
  81 0026 AC68     		ldr	r4, [r5, #8]
  82              		.loc 1 175 18 view .LVU25
  83 0028 0443     		orrs	r4, r4, r0
  84 002a AC60     		str	r4, [r5, #8]
  85              	.L5:
 176:Drivers/STM32F2xx_HAL_Driver/Src/stm32f2xx_hal_exti.c ****     }
 177:Drivers/STM32F2xx_HAL_Driver/Src/stm32f2xx_hal_exti.c ****     else
 178:Drivers/STM32F2xx_HAL_Driver/Src/stm32f2xx_hal_exti.c ****     {
 179:Drivers/STM32F2xx_HAL_Driver/Src/stm32f2xx_hal_exti.c ****       EXTI->RTSR &= ~maskline;
 180:Drivers/STM32F2xx_HAL_Driver/Src/stm32f2xx_hal_exti.c ****     }
 181:Drivers/STM32F2xx_HAL_Driver/Src/stm32f2xx_hal_exti.c **** 
 182:Drivers/STM32F2xx_HAL_Driver/Src/stm32f2xx_hal_exti.c ****     /* Configure falling trigger */
 183:Drivers/STM32F2xx_HAL_Driver/Src/stm32f2xx_hal_exti.c ****     /* Mask or set line */
 184:Drivers/STM32F2xx_HAL_Driver/Src/stm32f2xx_hal_exti.c ****     if ((pExtiConfig->Trigger & EXTI_TRIGGER_FALLING) != 0x00u)
  86              		.loc 1 184 5 is_stmt 1 view .LVU26
  87              		.loc 1 184 8 is_stmt 0 view .LVU27
  88 002c 8C68     		ldr	r4, [r1, #8]
  89 002e 14F0020F 		tst	r4, #2
  90 0032 22D0     		beq	.L6
 185:Drivers/STM32F2xx_HAL_Driver/Src/stm32f2xx_hal_exti.c ****     {
 186:Drivers/STM32F2xx_HAL_Driver/Src/stm32f2xx_hal_exti.c ****       EXTI->FTSR |= maskline;
  91              		.loc 1 186 7 is_stmt 1 view .LVU28
  92              		.loc 1 186 11 is_stmt 0 view .LVU29
  93 0034 264D     		ldr	r5, .L18
  94 0036 EC68     		ldr	r4, [r5, #12]
  95              		.loc 1 186 18 view .LVU30
  96 0038 0443     		orrs	r4, r4, r0
  97 003a EC60     		str	r4, [r5, #12]
  98              	.L7:
 187:Drivers/STM32F2xx_HAL_Driver/Src/stm32f2xx_hal_exti.c ****     }
ARM GAS  /tmp/ccAuUfl1.s 			page 6


 188:Drivers/STM32F2xx_HAL_Driver/Src/stm32f2xx_hal_exti.c ****     else
 189:Drivers/STM32F2xx_HAL_Driver/Src/stm32f2xx_hal_exti.c ****     {
 190:Drivers/STM32F2xx_HAL_Driver/Src/stm32f2xx_hal_exti.c ****       EXTI->FTSR &= ~maskline;
 191:Drivers/STM32F2xx_HAL_Driver/Src/stm32f2xx_hal_exti.c ****     }
 192:Drivers/STM32F2xx_HAL_Driver/Src/stm32f2xx_hal_exti.c **** 
 193:Drivers/STM32F2xx_HAL_Driver/Src/stm32f2xx_hal_exti.c **** 
 194:Drivers/STM32F2xx_HAL_Driver/Src/stm32f2xx_hal_exti.c ****     /* Configure gpio port selection in case of gpio exti line */
 195:Drivers/STM32F2xx_HAL_Driver/Src/stm32f2xx_hal_exti.c ****     if ((pExtiConfig->Line & EXTI_GPIO) == EXTI_GPIO)
  99              		.loc 1 195 5 is_stmt 1 view .LVU31
 100              		.loc 1 195 28 is_stmt 0 view .LVU32
 101 003c 0C68     		ldr	r4, [r1]
 102 003e 04F0C06C 		and	ip, r4, #100663296
 103              		.loc 1 195 8 view .LVU33
 104 0042 BCF1C06F 		cmp	ip, #100663296
 105 0046 1ED0     		beq	.L17
 106              	.LVL4:
 107              	.L3:
 196:Drivers/STM32F2xx_HAL_Driver/Src/stm32f2xx_hal_exti.c ****     {
 197:Drivers/STM32F2xx_HAL_Driver/Src/stm32f2xx_hal_exti.c ****       assert_param(IS_EXTI_GPIO_PORT(pExtiConfig->GPIOSel));
 198:Drivers/STM32F2xx_HAL_Driver/Src/stm32f2xx_hal_exti.c ****       assert_param(IS_EXTI_GPIO_PIN(linepos));
 199:Drivers/STM32F2xx_HAL_Driver/Src/stm32f2xx_hal_exti.c **** 
 200:Drivers/STM32F2xx_HAL_Driver/Src/stm32f2xx_hal_exti.c ****       regval = SYSCFG->EXTICR[linepos >> 2u];
 201:Drivers/STM32F2xx_HAL_Driver/Src/stm32f2xx_hal_exti.c ****       regval &= ~(SYSCFG_EXTICR1_EXTI0 << (SYSCFG_EXTICR1_EXTI1_Pos * (linepos & 0x03u)));
 202:Drivers/STM32F2xx_HAL_Driver/Src/stm32f2xx_hal_exti.c ****       regval |= (pExtiConfig->GPIOSel << (SYSCFG_EXTICR1_EXTI1_Pos * (linepos & 0x03u)));
 203:Drivers/STM32F2xx_HAL_Driver/Src/stm32f2xx_hal_exti.c ****       SYSCFG->EXTICR[linepos >> 2u] = regval;
 204:Drivers/STM32F2xx_HAL_Driver/Src/stm32f2xx_hal_exti.c ****     }
 205:Drivers/STM32F2xx_HAL_Driver/Src/stm32f2xx_hal_exti.c ****   }
 206:Drivers/STM32F2xx_HAL_Driver/Src/stm32f2xx_hal_exti.c **** 
 207:Drivers/STM32F2xx_HAL_Driver/Src/stm32f2xx_hal_exti.c ****   /* Configure interrupt mode : read current mode */
 208:Drivers/STM32F2xx_HAL_Driver/Src/stm32f2xx_hal_exti.c ****   /* Mask or set line */
 209:Drivers/STM32F2xx_HAL_Driver/Src/stm32f2xx_hal_exti.c ****   if ((pExtiConfig->Mode & EXTI_MODE_INTERRUPT) != 0x00u)
 108              		.loc 1 209 3 is_stmt 1 view .LVU34
 109              		.loc 1 209 19 is_stmt 0 view .LVU35
 110 0048 4B68     		ldr	r3, [r1, #4]
 111              		.loc 1 209 6 view .LVU36
 112 004a 13F0010F 		tst	r3, #1
 113 004e 2DD0     		beq	.L8
 210:Drivers/STM32F2xx_HAL_Driver/Src/stm32f2xx_hal_exti.c ****   {
 211:Drivers/STM32F2xx_HAL_Driver/Src/stm32f2xx_hal_exti.c ****     EXTI->IMR |= maskline;
 114              		.loc 1 211 5 is_stmt 1 view .LVU37
 115              		.loc 1 211 9 is_stmt 0 view .LVU38
 116 0050 1F4A     		ldr	r2, .L18
 117 0052 1368     		ldr	r3, [r2]
 118              		.loc 1 211 15 view .LVU39
 119 0054 0343     		orrs	r3, r3, r0
 120 0056 1360     		str	r3, [r2]
 121              	.L9:
 212:Drivers/STM32F2xx_HAL_Driver/Src/stm32f2xx_hal_exti.c ****   }
 213:Drivers/STM32F2xx_HAL_Driver/Src/stm32f2xx_hal_exti.c ****   else
 214:Drivers/STM32F2xx_HAL_Driver/Src/stm32f2xx_hal_exti.c ****   {
 215:Drivers/STM32F2xx_HAL_Driver/Src/stm32f2xx_hal_exti.c ****     EXTI->IMR &= ~maskline;
 216:Drivers/STM32F2xx_HAL_Driver/Src/stm32f2xx_hal_exti.c ****   }
 217:Drivers/STM32F2xx_HAL_Driver/Src/stm32f2xx_hal_exti.c **** 
 218:Drivers/STM32F2xx_HAL_Driver/Src/stm32f2xx_hal_exti.c ****   /* Configure event mode : read current mode */
 219:Drivers/STM32F2xx_HAL_Driver/Src/stm32f2xx_hal_exti.c ****   /* Mask or set line */
 220:Drivers/STM32F2xx_HAL_Driver/Src/stm32f2xx_hal_exti.c ****   if ((pExtiConfig->Mode & EXTI_MODE_EVENT) != 0x00u)
 122              		.loc 1 220 3 is_stmt 1 view .LVU40
ARM GAS  /tmp/ccAuUfl1.s 			page 7


 123              		.loc 1 220 19 is_stmt 0 view .LVU41
 124 0058 4B68     		ldr	r3, [r1, #4]
 125              		.loc 1 220 6 view .LVU42
 126 005a 13F0020F 		tst	r3, #2
 127 005e 2BD0     		beq	.L10
 221:Drivers/STM32F2xx_HAL_Driver/Src/stm32f2xx_hal_exti.c ****   {
 222:Drivers/STM32F2xx_HAL_Driver/Src/stm32f2xx_hal_exti.c ****     EXTI->EMR |= maskline;
 128              		.loc 1 222 5 is_stmt 1 view .LVU43
 129              		.loc 1 222 9 is_stmt 0 view .LVU44
 130 0060 1B4A     		ldr	r2, .L18
 131 0062 5368     		ldr	r3, [r2, #4]
 132              		.loc 1 222 15 view .LVU45
 133 0064 0343     		orrs	r3, r3, r0
 134 0066 5360     		str	r3, [r2, #4]
 223:Drivers/STM32F2xx_HAL_Driver/Src/stm32f2xx_hal_exti.c ****   }
 224:Drivers/STM32F2xx_HAL_Driver/Src/stm32f2xx_hal_exti.c ****   else
 225:Drivers/STM32F2xx_HAL_Driver/Src/stm32f2xx_hal_exti.c ****   {
 226:Drivers/STM32F2xx_HAL_Driver/Src/stm32f2xx_hal_exti.c ****     EXTI->EMR &= ~maskline;
 227:Drivers/STM32F2xx_HAL_Driver/Src/stm32f2xx_hal_exti.c ****   }
 228:Drivers/STM32F2xx_HAL_Driver/Src/stm32f2xx_hal_exti.c **** 
 229:Drivers/STM32F2xx_HAL_Driver/Src/stm32f2xx_hal_exti.c ****   return HAL_OK;
 135              		.loc 1 229 10 view .LVU46
 136 0068 0020     		movs	r0, #0
 137              	.LVL5:
 138              	.L2:
 230:Drivers/STM32F2xx_HAL_Driver/Src/stm32f2xx_hal_exti.c **** }
 139              		.loc 1 230 1 view .LVU47
 140 006a 70BC     		pop	{r4, r5, r6}
 141              	.LCFI1:
 142              		.cfi_remember_state
 143              		.cfi_restore 6
 144              		.cfi_restore 5
 145              		.cfi_restore 4
 146              		.cfi_def_cfa_offset 0
 147 006c 7047     		bx	lr
 148              	.LVL6:
 149              	.L4:
 150              	.LCFI2:
 151              		.cfi_restore_state
 179:Drivers/STM32F2xx_HAL_Driver/Src/stm32f2xx_hal_exti.c ****     }
 152              		.loc 1 179 7 is_stmt 1 view .LVU48
 179:Drivers/STM32F2xx_HAL_Driver/Src/stm32f2xx_hal_exti.c ****     }
 153              		.loc 1 179 11 is_stmt 0 view .LVU49
 154 006e 184D     		ldr	r5, .L18
 155 0070 AC68     		ldr	r4, [r5, #8]
 179:Drivers/STM32F2xx_HAL_Driver/Src/stm32f2xx_hal_exti.c ****     }
 156              		.loc 1 179 18 view .LVU50
 157 0072 24EA0004 		bic	r4, r4, r0
 158 0076 AC60     		str	r4, [r5, #8]
 159 0078 D8E7     		b	.L5
 160              	.L6:
 190:Drivers/STM32F2xx_HAL_Driver/Src/stm32f2xx_hal_exti.c ****     }
 161              		.loc 1 190 7 is_stmt 1 view .LVU51
 190:Drivers/STM32F2xx_HAL_Driver/Src/stm32f2xx_hal_exti.c ****     }
 162              		.loc 1 190 11 is_stmt 0 view .LVU52
 163 007a 154D     		ldr	r5, .L18
 164 007c EC68     		ldr	r4, [r5, #12]
ARM GAS  /tmp/ccAuUfl1.s 			page 8


 190:Drivers/STM32F2xx_HAL_Driver/Src/stm32f2xx_hal_exti.c ****     }
 165              		.loc 1 190 18 view .LVU53
 166 007e 24EA0004 		bic	r4, r4, r0
 167 0082 EC60     		str	r4, [r5, #12]
 168 0084 DAE7     		b	.L7
 169              	.L17:
 197:Drivers/STM32F2xx_HAL_Driver/Src/stm32f2xx_hal_exti.c ****       assert_param(IS_EXTI_GPIO_PIN(linepos));
 170              		.loc 1 197 7 is_stmt 1 view .LVU54
 198:Drivers/STM32F2xx_HAL_Driver/Src/stm32f2xx_hal_exti.c **** 
 171              		.loc 1 198 7 view .LVU55
 200:Drivers/STM32F2xx_HAL_Driver/Src/stm32f2xx_hal_exti.c ****       regval &= ~(SYSCFG_EXTICR1_EXTI0 << (SYSCFG_EXTICR1_EXTI1_Pos * (linepos & 0x03u)));
 172              		.loc 1 200 7 view .LVU56
 200:Drivers/STM32F2xx_HAL_Driver/Src/stm32f2xx_hal_exti.c ****       regval &= ~(SYSCFG_EXTICR1_EXTI0 << (SYSCFG_EXTICR1_EXTI1_Pos * (linepos & 0x03u)));
 173              		.loc 1 200 39 is_stmt 0 view .LVU57
 174 0086 9208     		lsrs	r2, r2, #2
 175              	.LVL7:
 200:Drivers/STM32F2xx_HAL_Driver/Src/stm32f2xx_hal_exti.c ****       regval &= ~(SYSCFG_EXTICR1_EXTI0 << (SYSCFG_EXTICR1_EXTI1_Pos * (linepos & 0x03u)));
 176              		.loc 1 200 14 view .LVU58
 177 0088 124E     		ldr	r6, .L18+4
 178 008a 0232     		adds	r2, r2, #2
 179 008c 56F82240 		ldr	r4, [r6, r2, lsl #2]
 180              	.LVL8:
 201:Drivers/STM32F2xx_HAL_Driver/Src/stm32f2xx_hal_exti.c ****       regval |= (pExtiConfig->GPIOSel << (SYSCFG_EXTICR1_EXTI1_Pos * (linepos & 0x03u)));
 181              		.loc 1 201 7 is_stmt 1 view .LVU59
 201:Drivers/STM32F2xx_HAL_Driver/Src/stm32f2xx_hal_exti.c ****       regval |= (pExtiConfig->GPIOSel << (SYSCFG_EXTICR1_EXTI1_Pos * (linepos & 0x03u)));
 182              		.loc 1 201 80 is_stmt 0 view .LVU60
 183 0090 03F00303 		and	r3, r3, #3
 184              	.LVL9:
 201:Drivers/STM32F2xx_HAL_Driver/Src/stm32f2xx_hal_exti.c ****       regval |= (pExtiConfig->GPIOSel << (SYSCFG_EXTICR1_EXTI1_Pos * (linepos & 0x03u)));
 185              		.loc 1 201 69 view .LVU61
 186 0094 9B00     		lsls	r3, r3, #2
 201:Drivers/STM32F2xx_HAL_Driver/Src/stm32f2xx_hal_exti.c ****       regval |= (pExtiConfig->GPIOSel << (SYSCFG_EXTICR1_EXTI1_Pos * (linepos & 0x03u)));
 187              		.loc 1 201 40 view .LVU62
 188 0096 0F25     		movs	r5, #15
 189 0098 9D40     		lsls	r5, r5, r3
 201:Drivers/STM32F2xx_HAL_Driver/Src/stm32f2xx_hal_exti.c ****       regval |= (pExtiConfig->GPIOSel << (SYSCFG_EXTICR1_EXTI1_Pos * (linepos & 0x03u)));
 190              		.loc 1 201 14 view .LVU63
 191 009a 24EA0504 		bic	r4, r4, r5
 192              	.LVL10:
 202:Drivers/STM32F2xx_HAL_Driver/Src/stm32f2xx_hal_exti.c ****       SYSCFG->EXTICR[linepos >> 2u] = regval;
 193              		.loc 1 202 7 is_stmt 1 view .LVU64
 202:Drivers/STM32F2xx_HAL_Driver/Src/stm32f2xx_hal_exti.c ****       SYSCFG->EXTICR[linepos >> 2u] = regval;
 194              		.loc 1 202 39 is_stmt 0 view .LVU65
 195 009e CD68     		ldr	r5, [r1, #12]
 196 00a0 05FA03F3 		lsl	r3, r5, r3
 202:Drivers/STM32F2xx_HAL_Driver/Src/stm32f2xx_hal_exti.c ****       SYSCFG->EXTICR[linepos >> 2u] = regval;
 197              		.loc 1 202 14 view .LVU66
 198 00a4 2343     		orrs	r3, r3, r4
 199              	.LVL11:
 203:Drivers/STM32F2xx_HAL_Driver/Src/stm32f2xx_hal_exti.c ****     }
 200              		.loc 1 203 7 is_stmt 1 view .LVU67
 203:Drivers/STM32F2xx_HAL_Driver/Src/stm32f2xx_hal_exti.c ****     }
 201              		.loc 1 203 37 is_stmt 0 view .LVU68
 202 00a6 46F82230 		str	r3, [r6, r2, lsl #2]
 203 00aa CDE7     		b	.L3
 204              	.LVL12:
 205              	.L8:
ARM GAS  /tmp/ccAuUfl1.s 			page 9


 215:Drivers/STM32F2xx_HAL_Driver/Src/stm32f2xx_hal_exti.c ****   }
 206              		.loc 1 215 5 is_stmt 1 view .LVU69
 215:Drivers/STM32F2xx_HAL_Driver/Src/stm32f2xx_hal_exti.c ****   }
 207              		.loc 1 215 9 is_stmt 0 view .LVU70
 208 00ac 084A     		ldr	r2, .L18
 209 00ae 1368     		ldr	r3, [r2]
 215:Drivers/STM32F2xx_HAL_Driver/Src/stm32f2xx_hal_exti.c ****   }
 210              		.loc 1 215 15 view .LVU71
 211 00b0 23EA0003 		bic	r3, r3, r0
 212 00b4 1360     		str	r3, [r2]
 213 00b6 CFE7     		b	.L9
 214              	.L10:
 226:Drivers/STM32F2xx_HAL_Driver/Src/stm32f2xx_hal_exti.c ****   }
 215              		.loc 1 226 5 is_stmt 1 view .LVU72
 226:Drivers/STM32F2xx_HAL_Driver/Src/stm32f2xx_hal_exti.c ****   }
 216              		.loc 1 226 9 is_stmt 0 view .LVU73
 217 00b8 054A     		ldr	r2, .L18
 218 00ba 5368     		ldr	r3, [r2, #4]
 226:Drivers/STM32F2xx_HAL_Driver/Src/stm32f2xx_hal_exti.c ****   }
 219              		.loc 1 226 15 view .LVU74
 220 00bc 23EA0003 		bic	r3, r3, r0
 221 00c0 5360     		str	r3, [r2, #4]
 229:Drivers/STM32F2xx_HAL_Driver/Src/stm32f2xx_hal_exti.c **** }
 222              		.loc 1 229 10 view .LVU75
 223 00c2 0020     		movs	r0, #0
 224              	.LVL13:
 229:Drivers/STM32F2xx_HAL_Driver/Src/stm32f2xx_hal_exti.c **** }
 225              		.loc 1 229 10 view .LVU76
 226 00c4 D1E7     		b	.L2
 227              	.LVL14:
 228              	.L11:
 229              	.LCFI3:
 230              		.cfi_def_cfa_offset 0
 231              		.cfi_restore 4
 232              		.cfi_restore 5
 233              		.cfi_restore 6
 152:Drivers/STM32F2xx_HAL_Driver/Src/stm32f2xx_hal_exti.c ****   }
 234              		.loc 1 152 12 view .LVU77
 235 00c6 0120     		movs	r0, #1
 236              	.LVL15:
 152:Drivers/STM32F2xx_HAL_Driver/Src/stm32f2xx_hal_exti.c ****   }
 237              		.loc 1 152 12 view .LVU78
 238 00c8 7047     		bx	lr
 239              	.LVL16:
 240              	.L12:
 152:Drivers/STM32F2xx_HAL_Driver/Src/stm32f2xx_hal_exti.c ****   }
 241              		.loc 1 152 12 view .LVU79
 242 00ca 0120     		movs	r0, #1
 243              	.LVL17:
 244              		.loc 1 230 1 view .LVU80
 245 00cc 7047     		bx	lr
 246              	.L19:
 247 00ce 00BF     		.align	2
 248              	.L18:
 249 00d0 003C0140 		.word	1073822720
 250 00d4 00380140 		.word	1073821696
 251              		.cfi_endproc
ARM GAS  /tmp/ccAuUfl1.s 			page 10


 252              	.LFE72:
 254              		.section	.text.HAL_EXTI_GetConfigLine,"ax",%progbits
 255              		.align	1
 256              		.global	HAL_EXTI_GetConfigLine
 257              		.syntax unified
 258              		.thumb
 259              		.thumb_func
 261              	HAL_EXTI_GetConfigLine:
 262              	.LVL18:
 263              	.LFB73:
 231:Drivers/STM32F2xx_HAL_Driver/Src/stm32f2xx_hal_exti.c **** 
 232:Drivers/STM32F2xx_HAL_Driver/Src/stm32f2xx_hal_exti.c **** /**
 233:Drivers/STM32F2xx_HAL_Driver/Src/stm32f2xx_hal_exti.c ****   * @brief  Get configuration of a dedicated Exti line.
 234:Drivers/STM32F2xx_HAL_Driver/Src/stm32f2xx_hal_exti.c ****   * @param  hexti Exti handle.
 235:Drivers/STM32F2xx_HAL_Driver/Src/stm32f2xx_hal_exti.c ****   * @param  pExtiConfig Pointer on structure to store Exti configuration.
 236:Drivers/STM32F2xx_HAL_Driver/Src/stm32f2xx_hal_exti.c ****   * @retval HAL Status.
 237:Drivers/STM32F2xx_HAL_Driver/Src/stm32f2xx_hal_exti.c ****   */
 238:Drivers/STM32F2xx_HAL_Driver/Src/stm32f2xx_hal_exti.c **** HAL_StatusTypeDef HAL_EXTI_GetConfigLine(EXTI_HandleTypeDef *hexti, EXTI_ConfigTypeDef *pExtiConfig
 239:Drivers/STM32F2xx_HAL_Driver/Src/stm32f2xx_hal_exti.c **** {
 264              		.loc 1 239 1 is_stmt 1 view -0
 265              		.cfi_startproc
 266              		@ args = 0, pretend = 0, frame = 0
 267              		@ frame_needed = 0, uses_anonymous_args = 0
 268              		@ link register save eliminated.
 240:Drivers/STM32F2xx_HAL_Driver/Src/stm32f2xx_hal_exti.c ****   uint32_t regval;
 269              		.loc 1 240 3 view .LVU82
 241:Drivers/STM32F2xx_HAL_Driver/Src/stm32f2xx_hal_exti.c ****   uint32_t linepos;
 270              		.loc 1 241 3 view .LVU83
 242:Drivers/STM32F2xx_HAL_Driver/Src/stm32f2xx_hal_exti.c ****   uint32_t maskline;
 271              		.loc 1 242 3 view .LVU84
 243:Drivers/STM32F2xx_HAL_Driver/Src/stm32f2xx_hal_exti.c **** 
 244:Drivers/STM32F2xx_HAL_Driver/Src/stm32f2xx_hal_exti.c ****   /* Check null pointer */
 245:Drivers/STM32F2xx_HAL_Driver/Src/stm32f2xx_hal_exti.c ****   if ((hexti == NULL) || (pExtiConfig == NULL))
 272              		.loc 1 245 3 view .LVU85
 273              		.loc 1 245 6 is_stmt 0 view .LVU86
 274 0000 0028     		cmp	r0, #0
 275 0002 45D0     		beq	.L27
 276              		.loc 1 245 23 discriminator 1 view .LVU87
 277 0004 0029     		cmp	r1, #0
 278 0006 45D0     		beq	.L28
 239:Drivers/STM32F2xx_HAL_Driver/Src/stm32f2xx_hal_exti.c ****   uint32_t regval;
 279              		.loc 1 239 1 view .LVU88
 280 0008 10B4     		push	{r4}
 281              	.LCFI4:
 282              		.cfi_def_cfa_offset 4
 283              		.cfi_offset 4, -4
 246:Drivers/STM32F2xx_HAL_Driver/Src/stm32f2xx_hal_exti.c ****   {
 247:Drivers/STM32F2xx_HAL_Driver/Src/stm32f2xx_hal_exti.c ****     return HAL_ERROR;
 248:Drivers/STM32F2xx_HAL_Driver/Src/stm32f2xx_hal_exti.c ****   }
 249:Drivers/STM32F2xx_HAL_Driver/Src/stm32f2xx_hal_exti.c **** 
 250:Drivers/STM32F2xx_HAL_Driver/Src/stm32f2xx_hal_exti.c ****   /* Check the parameter */
 251:Drivers/STM32F2xx_HAL_Driver/Src/stm32f2xx_hal_exti.c ****   assert_param(IS_EXTI_LINE(hexti->Line));
 284              		.loc 1 251 3 is_stmt 1 view .LVU89
 252:Drivers/STM32F2xx_HAL_Driver/Src/stm32f2xx_hal_exti.c **** 
 253:Drivers/STM32F2xx_HAL_Driver/Src/stm32f2xx_hal_exti.c ****   /* Store handle line number to configuration structure */
 254:Drivers/STM32F2xx_HAL_Driver/Src/stm32f2xx_hal_exti.c ****   pExtiConfig->Line = hexti->Line;
 285              		.loc 1 254 3 view .LVU90
ARM GAS  /tmp/ccAuUfl1.s 			page 11


 286              		.loc 1 254 28 is_stmt 0 view .LVU91
 287 000a 0468     		ldr	r4, [r0]
 288              		.loc 1 254 21 view .LVU92
 289 000c 0C60     		str	r4, [r1]
 255:Drivers/STM32F2xx_HAL_Driver/Src/stm32f2xx_hal_exti.c **** 
 256:Drivers/STM32F2xx_HAL_Driver/Src/stm32f2xx_hal_exti.c ****   /* Compute line mask */
 257:Drivers/STM32F2xx_HAL_Driver/Src/stm32f2xx_hal_exti.c ****   linepos = (pExtiConfig->Line & EXTI_PIN_MASK);
 290              		.loc 1 257 3 is_stmt 1 view .LVU93
 291              		.loc 1 257 11 is_stmt 0 view .LVU94
 292 000e 04F01F0C 		and	ip, r4, #31
 293              	.LVL19:
 258:Drivers/STM32F2xx_HAL_Driver/Src/stm32f2xx_hal_exti.c ****   maskline = (1uL << linepos);
 294              		.loc 1 258 3 is_stmt 1 view .LVU95
 295              		.loc 1 258 12 is_stmt 0 view .LVU96
 296 0012 0123     		movs	r3, #1
 297 0014 03FA0CF3 		lsl	r3, r3, ip
 298              	.LVL20:
 259:Drivers/STM32F2xx_HAL_Driver/Src/stm32f2xx_hal_exti.c **** 
 260:Drivers/STM32F2xx_HAL_Driver/Src/stm32f2xx_hal_exti.c ****   /* 1] Get core mode : interrupt */
 261:Drivers/STM32F2xx_HAL_Driver/Src/stm32f2xx_hal_exti.c **** 
 262:Drivers/STM32F2xx_HAL_Driver/Src/stm32f2xx_hal_exti.c ****   /* Check if selected line is enable */
 263:Drivers/STM32F2xx_HAL_Driver/Src/stm32f2xx_hal_exti.c ****   if ((EXTI->IMR & maskline) != 0x00u)
 299              		.loc 1 263 3 is_stmt 1 view .LVU97
 300              		.loc 1 263 12 is_stmt 0 view .LVU98
 301 0018 2148     		ldr	r0, .L36
 302              	.LVL21:
 303              		.loc 1 263 12 view .LVU99
 304 001a 0068     		ldr	r0, [r0]
 305              		.loc 1 263 6 view .LVU100
 306 001c 1842     		tst	r0, r3
 307 001e 24D0     		beq	.L22
 264:Drivers/STM32F2xx_HAL_Driver/Src/stm32f2xx_hal_exti.c ****   {
 265:Drivers/STM32F2xx_HAL_Driver/Src/stm32f2xx_hal_exti.c ****     pExtiConfig->Mode = EXTI_MODE_INTERRUPT;
 308              		.loc 1 265 5 is_stmt 1 view .LVU101
 309              		.loc 1 265 23 is_stmt 0 view .LVU102
 310 0020 0122     		movs	r2, #1
 311 0022 4A60     		str	r2, [r1, #4]
 312              	.L23:
 266:Drivers/STM32F2xx_HAL_Driver/Src/stm32f2xx_hal_exti.c ****   }
 267:Drivers/STM32F2xx_HAL_Driver/Src/stm32f2xx_hal_exti.c ****   else
 268:Drivers/STM32F2xx_HAL_Driver/Src/stm32f2xx_hal_exti.c ****   {
 269:Drivers/STM32F2xx_HAL_Driver/Src/stm32f2xx_hal_exti.c ****     pExtiConfig->Mode = EXTI_MODE_NONE;
 270:Drivers/STM32F2xx_HAL_Driver/Src/stm32f2xx_hal_exti.c ****   }
 271:Drivers/STM32F2xx_HAL_Driver/Src/stm32f2xx_hal_exti.c **** 
 272:Drivers/STM32F2xx_HAL_Driver/Src/stm32f2xx_hal_exti.c ****   /* Get event mode */
 273:Drivers/STM32F2xx_HAL_Driver/Src/stm32f2xx_hal_exti.c ****   /* Check if selected line is enable */
 274:Drivers/STM32F2xx_HAL_Driver/Src/stm32f2xx_hal_exti.c ****   if ((EXTI->EMR & maskline) != 0x00u)
 313              		.loc 1 274 3 is_stmt 1 view .LVU103
 314              		.loc 1 274 12 is_stmt 0 view .LVU104
 315 0024 1E48     		ldr	r0, .L36
 316 0026 4068     		ldr	r0, [r0, #4]
 317              		.loc 1 274 6 view .LVU105
 318 0028 1842     		tst	r0, r3
 319 002a 03D0     		beq	.L24
 275:Drivers/STM32F2xx_HAL_Driver/Src/stm32f2xx_hal_exti.c ****   {
 276:Drivers/STM32F2xx_HAL_Driver/Src/stm32f2xx_hal_exti.c ****     pExtiConfig->Mode |= EXTI_MODE_EVENT;
 320              		.loc 1 276 5 is_stmt 1 view .LVU106
ARM GAS  /tmp/ccAuUfl1.s 			page 12


 321              		.loc 1 276 16 is_stmt 0 view .LVU107
 322 002c 4868     		ldr	r0, [r1, #4]
 323              		.loc 1 276 23 view .LVU108
 324 002e 40F00200 		orr	r0, r0, #2
 325 0032 4860     		str	r0, [r1, #4]
 326              	.L24:
 277:Drivers/STM32F2xx_HAL_Driver/Src/stm32f2xx_hal_exti.c ****   }
 278:Drivers/STM32F2xx_HAL_Driver/Src/stm32f2xx_hal_exti.c **** 
 279:Drivers/STM32F2xx_HAL_Driver/Src/stm32f2xx_hal_exti.c ****   /* Get default Trigger and GPIOSel configuration */
 280:Drivers/STM32F2xx_HAL_Driver/Src/stm32f2xx_hal_exti.c ****   pExtiConfig->Trigger = EXTI_TRIGGER_NONE;
 327              		.loc 1 280 3 is_stmt 1 view .LVU109
 328              		.loc 1 280 24 is_stmt 0 view .LVU110
 329 0034 0022     		movs	r2, #0
 330 0036 8A60     		str	r2, [r1, #8]
 281:Drivers/STM32F2xx_HAL_Driver/Src/stm32f2xx_hal_exti.c ****   pExtiConfig->GPIOSel = 0x00u;
 331              		.loc 1 281 3 is_stmt 1 view .LVU111
 332              		.loc 1 281 24 is_stmt 0 view .LVU112
 333 0038 CA60     		str	r2, [r1, #12]
 282:Drivers/STM32F2xx_HAL_Driver/Src/stm32f2xx_hal_exti.c **** 
 283:Drivers/STM32F2xx_HAL_Driver/Src/stm32f2xx_hal_exti.c ****   /* 2] Get trigger for configurable lines : rising */
 284:Drivers/STM32F2xx_HAL_Driver/Src/stm32f2xx_hal_exti.c ****   if ((pExtiConfig->Line & EXTI_CONFIG) != 0x00u)
 334              		.loc 1 284 3 is_stmt 1 view .LVU113
 335              		.loc 1 284 6 is_stmt 0 view .LVU114
 336 003a 14F0007F 		tst	r4, #33554432
 337 003e 2BD0     		beq	.L29
 285:Drivers/STM32F2xx_HAL_Driver/Src/stm32f2xx_hal_exti.c ****   {
 286:Drivers/STM32F2xx_HAL_Driver/Src/stm32f2xx_hal_exti.c ****     /* Check if configuration of selected line is enable */
 287:Drivers/STM32F2xx_HAL_Driver/Src/stm32f2xx_hal_exti.c ****     if ((EXTI->RTSR & maskline) != 0x00u)
 338              		.loc 1 287 5 is_stmt 1 view .LVU115
 339              		.loc 1 287 14 is_stmt 0 view .LVU116
 340 0040 174A     		ldr	r2, .L36
 341 0042 9268     		ldr	r2, [r2, #8]
 342              		.loc 1 287 8 view .LVU117
 343 0044 1A42     		tst	r2, r3
 344 0046 01D0     		beq	.L25
 288:Drivers/STM32F2xx_HAL_Driver/Src/stm32f2xx_hal_exti.c ****     {
 289:Drivers/STM32F2xx_HAL_Driver/Src/stm32f2xx_hal_exti.c ****       pExtiConfig->Trigger = EXTI_TRIGGER_RISING;
 345              		.loc 1 289 7 is_stmt 1 view .LVU118
 346              		.loc 1 289 28 is_stmt 0 view .LVU119
 347 0048 0122     		movs	r2, #1
 348 004a 8A60     		str	r2, [r1, #8]
 349              	.L25:
 290:Drivers/STM32F2xx_HAL_Driver/Src/stm32f2xx_hal_exti.c ****     }
 291:Drivers/STM32F2xx_HAL_Driver/Src/stm32f2xx_hal_exti.c **** 
 292:Drivers/STM32F2xx_HAL_Driver/Src/stm32f2xx_hal_exti.c ****     /* Get falling configuration */
 293:Drivers/STM32F2xx_HAL_Driver/Src/stm32f2xx_hal_exti.c ****     /* Check if configuration of selected line is enable */
 294:Drivers/STM32F2xx_HAL_Driver/Src/stm32f2xx_hal_exti.c ****     if ((EXTI->FTSR & maskline) != 0x00u)
 350              		.loc 1 294 5 is_stmt 1 view .LVU120
 351              		.loc 1 294 14 is_stmt 0 view .LVU121
 352 004c 144A     		ldr	r2, .L36
 353 004e D268     		ldr	r2, [r2, #12]
 354              		.loc 1 294 8 view .LVU122
 355 0050 1A42     		tst	r2, r3
 356 0052 03D0     		beq	.L26
 295:Drivers/STM32F2xx_HAL_Driver/Src/stm32f2xx_hal_exti.c ****     {
 296:Drivers/STM32F2xx_HAL_Driver/Src/stm32f2xx_hal_exti.c ****       pExtiConfig->Trigger |= EXTI_TRIGGER_FALLING;
 357              		.loc 1 296 7 is_stmt 1 view .LVU123
ARM GAS  /tmp/ccAuUfl1.s 			page 13


 358              		.loc 1 296 18 is_stmt 0 view .LVU124
 359 0054 8B68     		ldr	r3, [r1, #8]
 360              	.LVL22:
 361              		.loc 1 296 28 view .LVU125
 362 0056 43F00203 		orr	r3, r3, #2
 363 005a 8B60     		str	r3, [r1, #8]
 364              	.L26:
 297:Drivers/STM32F2xx_HAL_Driver/Src/stm32f2xx_hal_exti.c ****     }
 298:Drivers/STM32F2xx_HAL_Driver/Src/stm32f2xx_hal_exti.c **** 
 299:Drivers/STM32F2xx_HAL_Driver/Src/stm32f2xx_hal_exti.c ****     /* Get Gpio port selection for gpio lines */
 300:Drivers/STM32F2xx_HAL_Driver/Src/stm32f2xx_hal_exti.c ****     if ((pExtiConfig->Line & EXTI_GPIO) == EXTI_GPIO)
 365              		.loc 1 300 5 is_stmt 1 view .LVU126
 366              		.loc 1 300 28 is_stmt 0 view .LVU127
 367 005c 04F0C063 		and	r3, r4, #100663296
 368              		.loc 1 300 8 view .LVU128
 369 0060 B3F1C06F 		cmp	r3, #100663296
 370 0064 04D0     		beq	.L35
 301:Drivers/STM32F2xx_HAL_Driver/Src/stm32f2xx_hal_exti.c ****     {
 302:Drivers/STM32F2xx_HAL_Driver/Src/stm32f2xx_hal_exti.c ****       assert_param(IS_EXTI_GPIO_PIN(linepos));
 303:Drivers/STM32F2xx_HAL_Driver/Src/stm32f2xx_hal_exti.c **** 
 304:Drivers/STM32F2xx_HAL_Driver/Src/stm32f2xx_hal_exti.c ****       regval = SYSCFG->EXTICR[linepos >> 2u];
 305:Drivers/STM32F2xx_HAL_Driver/Src/stm32f2xx_hal_exti.c ****       pExtiConfig->GPIOSel = (regval >> (SYSCFG_EXTICR1_EXTI1_Pos * (linepos & 0x03u))) & SYSCFG_EX
 306:Drivers/STM32F2xx_HAL_Driver/Src/stm32f2xx_hal_exti.c ****     }
 307:Drivers/STM32F2xx_HAL_Driver/Src/stm32f2xx_hal_exti.c ****   }
 308:Drivers/STM32F2xx_HAL_Driver/Src/stm32f2xx_hal_exti.c **** 
 309:Drivers/STM32F2xx_HAL_Driver/Src/stm32f2xx_hal_exti.c ****   return HAL_OK;
 371              		.loc 1 309 10 view .LVU129
 372 0066 0020     		movs	r0, #0
 373 0068 17E0     		b	.L21
 374              	.LVL23:
 375              	.L22:
 269:Drivers/STM32F2xx_HAL_Driver/Src/stm32f2xx_hal_exti.c ****   }
 376              		.loc 1 269 5 is_stmt 1 view .LVU130
 269:Drivers/STM32F2xx_HAL_Driver/Src/stm32f2xx_hal_exti.c ****   }
 377              		.loc 1 269 23 is_stmt 0 view .LVU131
 378 006a 0022     		movs	r2, #0
 379 006c 4A60     		str	r2, [r1, #4]
 380 006e D9E7     		b	.L23
 381              	.LVL24:
 382              	.L35:
 302:Drivers/STM32F2xx_HAL_Driver/Src/stm32f2xx_hal_exti.c **** 
 383              		.loc 1 302 7 is_stmt 1 view .LVU132
 304:Drivers/STM32F2xx_HAL_Driver/Src/stm32f2xx_hal_exti.c ****       pExtiConfig->GPIOSel = (regval >> (SYSCFG_EXTICR1_EXTI1_Pos * (linepos & 0x03u))) & SYSCFG_EX
 384              		.loc 1 304 7 view .LVU133
 304:Drivers/STM32F2xx_HAL_Driver/Src/stm32f2xx_hal_exti.c ****       pExtiConfig->GPIOSel = (regval >> (SYSCFG_EXTICR1_EXTI1_Pos * (linepos & 0x03u))) & SYSCFG_EX
 385              		.loc 1 304 39 is_stmt 0 view .LVU134
 386 0070 4FEA9C02 		lsr	r2, ip, #2
 304:Drivers/STM32F2xx_HAL_Driver/Src/stm32f2xx_hal_exti.c ****       pExtiConfig->GPIOSel = (regval >> (SYSCFG_EXTICR1_EXTI1_Pos * (linepos & 0x03u))) & SYSCFG_EX
 387              		.loc 1 304 14 view .LVU135
 388 0074 0232     		adds	r2, r2, #2
 389 0076 0B4B     		ldr	r3, .L36+4
 390 0078 53F82220 		ldr	r2, [r3, r2, lsl #2]
 391              	.LVL25:
 305:Drivers/STM32F2xx_HAL_Driver/Src/stm32f2xx_hal_exti.c ****     }
 392              		.loc 1 305 7 is_stmt 1 view .LVU136
 305:Drivers/STM32F2xx_HAL_Driver/Src/stm32f2xx_hal_exti.c ****     }
 393              		.loc 1 305 78 is_stmt 0 view .LVU137
ARM GAS  /tmp/ccAuUfl1.s 			page 14


 394 007c 04F00303 		and	r3, r4, #3
 305:Drivers/STM32F2xx_HAL_Driver/Src/stm32f2xx_hal_exti.c ****     }
 395              		.loc 1 305 67 view .LVU138
 396 0080 9B00     		lsls	r3, r3, #2
 305:Drivers/STM32F2xx_HAL_Driver/Src/stm32f2xx_hal_exti.c ****     }
 397              		.loc 1 305 38 view .LVU139
 398 0082 22FA03F3 		lsr	r3, r2, r3
 305:Drivers/STM32F2xx_HAL_Driver/Src/stm32f2xx_hal_exti.c ****     }
 399              		.loc 1 305 89 view .LVU140
 400 0086 03F00F03 		and	r3, r3, #15
 305:Drivers/STM32F2xx_HAL_Driver/Src/stm32f2xx_hal_exti.c ****     }
 401              		.loc 1 305 28 view .LVU141
 402 008a CB60     		str	r3, [r1, #12]
 403              		.loc 1 309 10 view .LVU142
 404 008c 0020     		movs	r0, #0
 405 008e 04E0     		b	.L21
 406              	.LVL26:
 407              	.L27:
 408              	.LCFI5:
 409              		.cfi_def_cfa_offset 0
 410              		.cfi_restore 4
 247:Drivers/STM32F2xx_HAL_Driver/Src/stm32f2xx_hal_exti.c ****   }
 411              		.loc 1 247 12 view .LVU143
 412 0090 0120     		movs	r0, #1
 413              	.LVL27:
 247:Drivers/STM32F2xx_HAL_Driver/Src/stm32f2xx_hal_exti.c ****   }
 414              		.loc 1 247 12 view .LVU144
 415 0092 7047     		bx	lr
 416              	.LVL28:
 417              	.L28:
 247:Drivers/STM32F2xx_HAL_Driver/Src/stm32f2xx_hal_exti.c ****   }
 418              		.loc 1 247 12 view .LVU145
 419 0094 0120     		movs	r0, #1
 420              	.LVL29:
 310:Drivers/STM32F2xx_HAL_Driver/Src/stm32f2xx_hal_exti.c **** }
 421              		.loc 1 310 1 view .LVU146
 422 0096 7047     		bx	lr
 423              	.LVL30:
 424              	.L29:
 425              	.LCFI6:
 426              		.cfi_def_cfa_offset 4
 427              		.cfi_offset 4, -4
 309:Drivers/STM32F2xx_HAL_Driver/Src/stm32f2xx_hal_exti.c **** }
 428              		.loc 1 309 10 view .LVU147
 429 0098 0020     		movs	r0, #0
 430              	.LVL31:
 431              	.L21:
 432              		.loc 1 310 1 view .LVU148
 433 009a 10BC     		pop	{r4}
 434              	.LCFI7:
 435              		.cfi_restore 4
 436              		.cfi_def_cfa_offset 0
 437 009c 7047     		bx	lr
 438              	.L37:
 439 009e 00BF     		.align	2
 440              	.L36:
 441 00a0 003C0140 		.word	1073822720
ARM GAS  /tmp/ccAuUfl1.s 			page 15


 442 00a4 00380140 		.word	1073821696
 443              		.cfi_endproc
 444              	.LFE73:
 446              		.section	.text.HAL_EXTI_ClearConfigLine,"ax",%progbits
 447              		.align	1
 448              		.global	HAL_EXTI_ClearConfigLine
 449              		.syntax unified
 450              		.thumb
 451              		.thumb_func
 453              	HAL_EXTI_ClearConfigLine:
 454              	.LVL32:
 455              	.LFB74:
 311:Drivers/STM32F2xx_HAL_Driver/Src/stm32f2xx_hal_exti.c **** 
 312:Drivers/STM32F2xx_HAL_Driver/Src/stm32f2xx_hal_exti.c **** /**
 313:Drivers/STM32F2xx_HAL_Driver/Src/stm32f2xx_hal_exti.c ****   * @brief  Clear whole configuration of a dedicated Exti line.
 314:Drivers/STM32F2xx_HAL_Driver/Src/stm32f2xx_hal_exti.c ****   * @param  hexti Exti handle.
 315:Drivers/STM32F2xx_HAL_Driver/Src/stm32f2xx_hal_exti.c ****   * @retval HAL Status.
 316:Drivers/STM32F2xx_HAL_Driver/Src/stm32f2xx_hal_exti.c ****   */
 317:Drivers/STM32F2xx_HAL_Driver/Src/stm32f2xx_hal_exti.c **** HAL_StatusTypeDef HAL_EXTI_ClearConfigLine(EXTI_HandleTypeDef *hexti)
 318:Drivers/STM32F2xx_HAL_Driver/Src/stm32f2xx_hal_exti.c **** {
 456              		.loc 1 318 1 is_stmt 1 view -0
 457              		.cfi_startproc
 458              		@ args = 0, pretend = 0, frame = 0
 459              		@ frame_needed = 0, uses_anonymous_args = 0
 319:Drivers/STM32F2xx_HAL_Driver/Src/stm32f2xx_hal_exti.c ****   uint32_t regval;
 460              		.loc 1 319 3 view .LVU150
 320:Drivers/STM32F2xx_HAL_Driver/Src/stm32f2xx_hal_exti.c ****   uint32_t linepos;
 461              		.loc 1 320 3 view .LVU151
 321:Drivers/STM32F2xx_HAL_Driver/Src/stm32f2xx_hal_exti.c ****   uint32_t maskline;
 462              		.loc 1 321 3 view .LVU152
 322:Drivers/STM32F2xx_HAL_Driver/Src/stm32f2xx_hal_exti.c **** 
 323:Drivers/STM32F2xx_HAL_Driver/Src/stm32f2xx_hal_exti.c ****   /* Check null pointer */
 324:Drivers/STM32F2xx_HAL_Driver/Src/stm32f2xx_hal_exti.c ****   if (hexti == NULL)
 463              		.loc 1 324 3 view .LVU153
 464              		.loc 1 324 6 is_stmt 0 view .LVU154
 465 0000 0028     		cmp	r0, #0
 466 0002 37D0     		beq	.L40
 318:Drivers/STM32F2xx_HAL_Driver/Src/stm32f2xx_hal_exti.c ****   uint32_t regval;
 467              		.loc 1 318 1 view .LVU155
 468 0004 10B5     		push	{r4, lr}
 469              	.LCFI8:
 470              		.cfi_def_cfa_offset 8
 471              		.cfi_offset 4, -8
 472              		.cfi_offset 14, -4
 473 0006 8446     		mov	ip, r0
 325:Drivers/STM32F2xx_HAL_Driver/Src/stm32f2xx_hal_exti.c ****   {
 326:Drivers/STM32F2xx_HAL_Driver/Src/stm32f2xx_hal_exti.c ****     return HAL_ERROR;
 327:Drivers/STM32F2xx_HAL_Driver/Src/stm32f2xx_hal_exti.c ****   }
 328:Drivers/STM32F2xx_HAL_Driver/Src/stm32f2xx_hal_exti.c **** 
 329:Drivers/STM32F2xx_HAL_Driver/Src/stm32f2xx_hal_exti.c ****   /* Check the parameter */
 330:Drivers/STM32F2xx_HAL_Driver/Src/stm32f2xx_hal_exti.c ****   assert_param(IS_EXTI_LINE(hexti->Line));
 474              		.loc 1 330 3 is_stmt 1 view .LVU156
 331:Drivers/STM32F2xx_HAL_Driver/Src/stm32f2xx_hal_exti.c **** 
 332:Drivers/STM32F2xx_HAL_Driver/Src/stm32f2xx_hal_exti.c ****   /* compute line mask */
 333:Drivers/STM32F2xx_HAL_Driver/Src/stm32f2xx_hal_exti.c ****   linepos = (hexti->Line & EXTI_PIN_MASK);
 475              		.loc 1 333 3 view .LVU157
 476              		.loc 1 333 19 is_stmt 0 view .LVU158
ARM GAS  /tmp/ccAuUfl1.s 			page 16


 477 0008 0468     		ldr	r4, [r0]
 478              		.loc 1 333 11 view .LVU159
 479 000a 04F01F00 		and	r0, r4, #31
 480              	.LVL33:
 334:Drivers/STM32F2xx_HAL_Driver/Src/stm32f2xx_hal_exti.c ****   maskline = (1uL << linepos);
 481              		.loc 1 334 3 is_stmt 1 view .LVU160
 482              		.loc 1 334 12 is_stmt 0 view .LVU161
 483 000e 0123     		movs	r3, #1
 484 0010 8340     		lsls	r3, r3, r0
 485              	.LVL34:
 335:Drivers/STM32F2xx_HAL_Driver/Src/stm32f2xx_hal_exti.c **** 
 336:Drivers/STM32F2xx_HAL_Driver/Src/stm32f2xx_hal_exti.c ****   /* 1] Clear interrupt mode */
 337:Drivers/STM32F2xx_HAL_Driver/Src/stm32f2xx_hal_exti.c ****   EXTI->IMR = (EXTI->IMR & ~maskline);
 486              		.loc 1 337 3 is_stmt 1 view .LVU162
 487              		.loc 1 337 20 is_stmt 0 view .LVU163
 488 0012 1A4A     		ldr	r2, .L48
 489 0014 1168     		ldr	r1, [r2]
 490              		.loc 1 337 28 view .LVU164
 491 0016 6FEA030E 		mvn	lr, r3
 492              		.loc 1 337 26 view .LVU165
 493 001a 21EA0301 		bic	r1, r1, r3
 494              		.loc 1 337 13 view .LVU166
 495 001e 1160     		str	r1, [r2]
 338:Drivers/STM32F2xx_HAL_Driver/Src/stm32f2xx_hal_exti.c **** 
 339:Drivers/STM32F2xx_HAL_Driver/Src/stm32f2xx_hal_exti.c ****   /* 2] Clear event mode */
 340:Drivers/STM32F2xx_HAL_Driver/Src/stm32f2xx_hal_exti.c ****   EXTI->EMR = (EXTI->EMR & ~maskline);
 496              		.loc 1 340 3 is_stmt 1 view .LVU167
 497              		.loc 1 340 20 is_stmt 0 view .LVU168
 498 0020 5168     		ldr	r1, [r2, #4]
 499              		.loc 1 340 26 view .LVU169
 500 0022 21EA0303 		bic	r3, r1, r3
 501              	.LVL35:
 502              		.loc 1 340 13 view .LVU170
 503 0026 5360     		str	r3, [r2, #4]
 341:Drivers/STM32F2xx_HAL_Driver/Src/stm32f2xx_hal_exti.c **** 
 342:Drivers/STM32F2xx_HAL_Driver/Src/stm32f2xx_hal_exti.c ****   /* 3] Clear triggers in case of configurable lines */
 343:Drivers/STM32F2xx_HAL_Driver/Src/stm32f2xx_hal_exti.c ****   if ((hexti->Line & EXTI_CONFIG) != 0x00u)
 504              		.loc 1 343 3 is_stmt 1 view .LVU171
 505              		.loc 1 343 13 is_stmt 0 view .LVU172
 506 0028 DCF80030 		ldr	r3, [ip]
 507              		.loc 1 343 6 view .LVU173
 508 002c 13F0007F 		tst	r3, #33554432
 509 0030 22D0     		beq	.L41
 344:Drivers/STM32F2xx_HAL_Driver/Src/stm32f2xx_hal_exti.c ****   {
 345:Drivers/STM32F2xx_HAL_Driver/Src/stm32f2xx_hal_exti.c ****     EXTI->RTSR = (EXTI->RTSR & ~maskline);
 510              		.loc 1 345 5 is_stmt 1 view .LVU174
 511              		.loc 1 345 23 is_stmt 0 view .LVU175
 512 0032 9368     		ldr	r3, [r2, #8]
 513              		.loc 1 345 30 view .LVU176
 514 0034 0EEA0303 		and	r3, lr, r3
 515              		.loc 1 345 16 view .LVU177
 516 0038 9360     		str	r3, [r2, #8]
 346:Drivers/STM32F2xx_HAL_Driver/Src/stm32f2xx_hal_exti.c ****     EXTI->FTSR = (EXTI->FTSR & ~maskline);
 517              		.loc 1 346 5 is_stmt 1 view .LVU178
 518              		.loc 1 346 23 is_stmt 0 view .LVU179
 519 003a D368     		ldr	r3, [r2, #12]
 520              		.loc 1 346 30 view .LVU180
ARM GAS  /tmp/ccAuUfl1.s 			page 17


 521 003c 0EEA0303 		and	r3, lr, r3
 522              		.loc 1 346 16 view .LVU181
 523 0040 D360     		str	r3, [r2, #12]
 347:Drivers/STM32F2xx_HAL_Driver/Src/stm32f2xx_hal_exti.c **** 
 348:Drivers/STM32F2xx_HAL_Driver/Src/stm32f2xx_hal_exti.c ****     /* Get Gpio port selection for gpio lines */
 349:Drivers/STM32F2xx_HAL_Driver/Src/stm32f2xx_hal_exti.c ****     if ((hexti->Line & EXTI_GPIO) == EXTI_GPIO)
 524              		.loc 1 349 5 is_stmt 1 view .LVU182
 525              		.loc 1 349 15 is_stmt 0 view .LVU183
 526 0042 DCF80030 		ldr	r3, [ip]
 527              		.loc 1 349 22 view .LVU184
 528 0046 03F0C063 		and	r3, r3, #100663296
 529              		.loc 1 349 8 view .LVU185
 530 004a B3F1C06F 		cmp	r3, #100663296
 531 004e 01D0     		beq	.L47
 350:Drivers/STM32F2xx_HAL_Driver/Src/stm32f2xx_hal_exti.c ****     {
 351:Drivers/STM32F2xx_HAL_Driver/Src/stm32f2xx_hal_exti.c ****       assert_param(IS_EXTI_GPIO_PIN(linepos));
 352:Drivers/STM32F2xx_HAL_Driver/Src/stm32f2xx_hal_exti.c **** 
 353:Drivers/STM32F2xx_HAL_Driver/Src/stm32f2xx_hal_exti.c ****       regval = SYSCFG->EXTICR[linepos >> 2u];
 354:Drivers/STM32F2xx_HAL_Driver/Src/stm32f2xx_hal_exti.c ****       regval &= ~(SYSCFG_EXTICR1_EXTI0 << (SYSCFG_EXTICR1_EXTI1_Pos * (linepos & 0x03u)));
 355:Drivers/STM32F2xx_HAL_Driver/Src/stm32f2xx_hal_exti.c ****       SYSCFG->EXTICR[linepos >> 2u] = regval;
 356:Drivers/STM32F2xx_HAL_Driver/Src/stm32f2xx_hal_exti.c ****     }
 357:Drivers/STM32F2xx_HAL_Driver/Src/stm32f2xx_hal_exti.c ****   }
 358:Drivers/STM32F2xx_HAL_Driver/Src/stm32f2xx_hal_exti.c **** 
 359:Drivers/STM32F2xx_HAL_Driver/Src/stm32f2xx_hal_exti.c ****   return HAL_OK;
 532              		.loc 1 359 10 view .LVU186
 533 0050 0020     		movs	r0, #0
 534              	.LVL36:
 535              		.loc 1 359 10 view .LVU187
 536 0052 12E0     		b	.L39
 537              	.LVL37:
 538              	.L47:
 351:Drivers/STM32F2xx_HAL_Driver/Src/stm32f2xx_hal_exti.c **** 
 539              		.loc 1 351 7 is_stmt 1 view .LVU188
 353:Drivers/STM32F2xx_HAL_Driver/Src/stm32f2xx_hal_exti.c ****       regval &= ~(SYSCFG_EXTICR1_EXTI0 << (SYSCFG_EXTICR1_EXTI1_Pos * (linepos & 0x03u)));
 540              		.loc 1 353 7 view .LVU189
 353:Drivers/STM32F2xx_HAL_Driver/Src/stm32f2xx_hal_exti.c ****       regval &= ~(SYSCFG_EXTICR1_EXTI0 << (SYSCFG_EXTICR1_EXTI1_Pos * (linepos & 0x03u)));
 541              		.loc 1 353 39 is_stmt 0 view .LVU190
 542 0054 8008     		lsrs	r0, r0, #2
 543              	.LVL38:
 353:Drivers/STM32F2xx_HAL_Driver/Src/stm32f2xx_hal_exti.c ****       regval &= ~(SYSCFG_EXTICR1_EXTI0 << (SYSCFG_EXTICR1_EXTI1_Pos * (linepos & 0x03u)));
 544              		.loc 1 353 14 view .LVU191
 545 0056 0A49     		ldr	r1, .L48+4
 546 0058 0230     		adds	r0, r0, #2
 547 005a 51F82030 		ldr	r3, [r1, r0, lsl #2]
 548              	.LVL39:
 354:Drivers/STM32F2xx_HAL_Driver/Src/stm32f2xx_hal_exti.c ****       SYSCFG->EXTICR[linepos >> 2u] = regval;
 549              		.loc 1 354 7 is_stmt 1 view .LVU192
 354:Drivers/STM32F2xx_HAL_Driver/Src/stm32f2xx_hal_exti.c ****       SYSCFG->EXTICR[linepos >> 2u] = regval;
 550              		.loc 1 354 80 is_stmt 0 view .LVU193
 551 005e 04F00304 		and	r4, r4, #3
 552              	.LVL40:
 354:Drivers/STM32F2xx_HAL_Driver/Src/stm32f2xx_hal_exti.c ****       SYSCFG->EXTICR[linepos >> 2u] = regval;
 553              		.loc 1 354 69 view .LVU194
 554 0062 A400     		lsls	r4, r4, #2
 354:Drivers/STM32F2xx_HAL_Driver/Src/stm32f2xx_hal_exti.c ****       SYSCFG->EXTICR[linepos >> 2u] = regval;
 555              		.loc 1 354 40 view .LVU195
 556 0064 0F22     		movs	r2, #15
ARM GAS  /tmp/ccAuUfl1.s 			page 18


 557 0066 A240     		lsls	r2, r2, r4
 354:Drivers/STM32F2xx_HAL_Driver/Src/stm32f2xx_hal_exti.c ****       SYSCFG->EXTICR[linepos >> 2u] = regval;
 558              		.loc 1 354 14 view .LVU196
 559 0068 23EA0203 		bic	r3, r3, r2
 560              	.LVL41:
 355:Drivers/STM32F2xx_HAL_Driver/Src/stm32f2xx_hal_exti.c ****     }
 561              		.loc 1 355 7 is_stmt 1 view .LVU197
 355:Drivers/STM32F2xx_HAL_Driver/Src/stm32f2xx_hal_exti.c ****     }
 562              		.loc 1 355 37 is_stmt 0 view .LVU198
 563 006c 41F82030 		str	r3, [r1, r0, lsl #2]
 564              		.loc 1 359 10 view .LVU199
 565 0070 0020     		movs	r0, #0
 566 0072 02E0     		b	.L39
 567              	.LVL42:
 568              	.L40:
 569              	.LCFI9:
 570              		.cfi_def_cfa_offset 0
 571              		.cfi_restore 4
 572              		.cfi_restore 14
 326:Drivers/STM32F2xx_HAL_Driver/Src/stm32f2xx_hal_exti.c ****   }
 573              		.loc 1 326 12 view .LVU200
 574 0074 0120     		movs	r0, #1
 575              	.LVL43:
 360:Drivers/STM32F2xx_HAL_Driver/Src/stm32f2xx_hal_exti.c **** }
 576              		.loc 1 360 1 view .LVU201
 577 0076 7047     		bx	lr
 578              	.LVL44:
 579              	.L41:
 580              	.LCFI10:
 581              		.cfi_def_cfa_offset 8
 582              		.cfi_offset 4, -8
 583              		.cfi_offset 14, -4
 359:Drivers/STM32F2xx_HAL_Driver/Src/stm32f2xx_hal_exti.c **** }
 584              		.loc 1 359 10 view .LVU202
 585 0078 0020     		movs	r0, #0
 586              	.LVL45:
 587              	.L39:
 588              		.loc 1 360 1 view .LVU203
 589 007a 10BD     		pop	{r4, pc}
 590              	.L49:
 591              		.align	2
 592              	.L48:
 593 007c 003C0140 		.word	1073822720
 594 0080 00380140 		.word	1073821696
 595              		.cfi_endproc
 596              	.LFE74:
 598              		.section	.text.HAL_EXTI_RegisterCallback,"ax",%progbits
 599              		.align	1
 600              		.global	HAL_EXTI_RegisterCallback
 601              		.syntax unified
 602              		.thumb
 603              		.thumb_func
 605              	HAL_EXTI_RegisterCallback:
 606              	.LVL46:
 607              	.LFB75:
 361:Drivers/STM32F2xx_HAL_Driver/Src/stm32f2xx_hal_exti.c **** 
 362:Drivers/STM32F2xx_HAL_Driver/Src/stm32f2xx_hal_exti.c **** /**
ARM GAS  /tmp/ccAuUfl1.s 			page 19


 363:Drivers/STM32F2xx_HAL_Driver/Src/stm32f2xx_hal_exti.c ****   * @brief  Register callback for a dedicated Exti line.
 364:Drivers/STM32F2xx_HAL_Driver/Src/stm32f2xx_hal_exti.c ****   * @param  hexti Exti handle.
 365:Drivers/STM32F2xx_HAL_Driver/Src/stm32f2xx_hal_exti.c ****   * @param  CallbackID User callback identifier.
 366:Drivers/STM32F2xx_HAL_Driver/Src/stm32f2xx_hal_exti.c ****   *         This parameter can be one of @arg @ref EXTI_CallbackIDTypeDef values.
 367:Drivers/STM32F2xx_HAL_Driver/Src/stm32f2xx_hal_exti.c ****   * @param  pPendingCbfn function pointer to be stored as callback.
 368:Drivers/STM32F2xx_HAL_Driver/Src/stm32f2xx_hal_exti.c ****   * @retval HAL Status.
 369:Drivers/STM32F2xx_HAL_Driver/Src/stm32f2xx_hal_exti.c ****   */
 370:Drivers/STM32F2xx_HAL_Driver/Src/stm32f2xx_hal_exti.c **** HAL_StatusTypeDef HAL_EXTI_RegisterCallback(EXTI_HandleTypeDef *hexti, EXTI_CallbackIDTypeDef Callb
 371:Drivers/STM32F2xx_HAL_Driver/Src/stm32f2xx_hal_exti.c **** {
 608              		.loc 1 371 1 is_stmt 1 view -0
 609              		.cfi_startproc
 610              		@ args = 0, pretend = 0, frame = 0
 611              		@ frame_needed = 0, uses_anonymous_args = 0
 612              		@ link register save eliminated.
 613              		.loc 1 371 1 is_stmt 0 view .LVU205
 614 0000 0346     		mov	r3, r0
 372:Drivers/STM32F2xx_HAL_Driver/Src/stm32f2xx_hal_exti.c ****   HAL_StatusTypeDef status = HAL_OK;
 615              		.loc 1 372 3 is_stmt 1 view .LVU206
 616              	.LVL47:
 373:Drivers/STM32F2xx_HAL_Driver/Src/stm32f2xx_hal_exti.c **** 
 374:Drivers/STM32F2xx_HAL_Driver/Src/stm32f2xx_hal_exti.c ****   switch (CallbackID)
 617              		.loc 1 374 3 view .LVU207
 618 0002 0846     		mov	r0, r1
 619              	.LVL48:
 620              		.loc 1 374 3 is_stmt 0 view .LVU208
 621 0004 09B9     		cbnz	r1, .L52
 375:Drivers/STM32F2xx_HAL_Driver/Src/stm32f2xx_hal_exti.c ****   {
 376:Drivers/STM32F2xx_HAL_Driver/Src/stm32f2xx_hal_exti.c ****     case  HAL_EXTI_COMMON_CB_ID:
 377:Drivers/STM32F2xx_HAL_Driver/Src/stm32f2xx_hal_exti.c ****       hexti->PendingCallback = pPendingCbfn;
 622              		.loc 1 377 7 is_stmt 1 view .LVU209
 623              		.loc 1 377 30 is_stmt 0 view .LVU210
 624 0006 5A60     		str	r2, [r3, #4]
 378:Drivers/STM32F2xx_HAL_Driver/Src/stm32f2xx_hal_exti.c ****       break;
 625              		.loc 1 378 7 is_stmt 1 view .LVU211
 626 0008 7047     		bx	lr
 627              	.L52:
 379:Drivers/STM32F2xx_HAL_Driver/Src/stm32f2xx_hal_exti.c **** 
 380:Drivers/STM32F2xx_HAL_Driver/Src/stm32f2xx_hal_exti.c ****     default:
 381:Drivers/STM32F2xx_HAL_Driver/Src/stm32f2xx_hal_exti.c ****       status = HAL_ERROR;
 628              		.loc 1 381 14 is_stmt 0 view .LVU212
 629 000a 0120     		movs	r0, #1
 630              	.LVL49:
 382:Drivers/STM32F2xx_HAL_Driver/Src/stm32f2xx_hal_exti.c ****       break;
 383:Drivers/STM32F2xx_HAL_Driver/Src/stm32f2xx_hal_exti.c ****   }
 384:Drivers/STM32F2xx_HAL_Driver/Src/stm32f2xx_hal_exti.c **** 
 385:Drivers/STM32F2xx_HAL_Driver/Src/stm32f2xx_hal_exti.c ****   return status;
 631              		.loc 1 385 3 is_stmt 1 view .LVU213
 386:Drivers/STM32F2xx_HAL_Driver/Src/stm32f2xx_hal_exti.c **** }
 632              		.loc 1 386 1 is_stmt 0 view .LVU214
 633 000c 7047     		bx	lr
 634              		.cfi_endproc
 635              	.LFE75:
 637              		.section	.text.HAL_EXTI_GetHandle,"ax",%progbits
 638              		.align	1
 639              		.global	HAL_EXTI_GetHandle
 640              		.syntax unified
 641              		.thumb
ARM GAS  /tmp/ccAuUfl1.s 			page 20


 642              		.thumb_func
 644              	HAL_EXTI_GetHandle:
 645              	.LVL50:
 646              	.LFB76:
 387:Drivers/STM32F2xx_HAL_Driver/Src/stm32f2xx_hal_exti.c **** 
 388:Drivers/STM32F2xx_HAL_Driver/Src/stm32f2xx_hal_exti.c **** /**
 389:Drivers/STM32F2xx_HAL_Driver/Src/stm32f2xx_hal_exti.c ****   * @brief  Store line number as handle private field.
 390:Drivers/STM32F2xx_HAL_Driver/Src/stm32f2xx_hal_exti.c ****   * @param  hexti Exti handle.
 391:Drivers/STM32F2xx_HAL_Driver/Src/stm32f2xx_hal_exti.c ****   * @param  ExtiLine Exti line number.
 392:Drivers/STM32F2xx_HAL_Driver/Src/stm32f2xx_hal_exti.c ****   *         This parameter can be from 0 to @ref EXTI_LINE_NB.
 393:Drivers/STM32F2xx_HAL_Driver/Src/stm32f2xx_hal_exti.c ****   * @retval HAL Status.
 394:Drivers/STM32F2xx_HAL_Driver/Src/stm32f2xx_hal_exti.c ****   */
 395:Drivers/STM32F2xx_HAL_Driver/Src/stm32f2xx_hal_exti.c **** HAL_StatusTypeDef HAL_EXTI_GetHandle(EXTI_HandleTypeDef *hexti, uint32_t ExtiLine)
 396:Drivers/STM32F2xx_HAL_Driver/Src/stm32f2xx_hal_exti.c **** {
 647              		.loc 1 396 1 is_stmt 1 view -0
 648              		.cfi_startproc
 649              		@ args = 0, pretend = 0, frame = 0
 650              		@ frame_needed = 0, uses_anonymous_args = 0
 651              		@ link register save eliminated.
 397:Drivers/STM32F2xx_HAL_Driver/Src/stm32f2xx_hal_exti.c ****   /* Check the parameters */
 398:Drivers/STM32F2xx_HAL_Driver/Src/stm32f2xx_hal_exti.c ****   assert_param(IS_EXTI_LINE(ExtiLine));
 652              		.loc 1 398 3 view .LVU216
 399:Drivers/STM32F2xx_HAL_Driver/Src/stm32f2xx_hal_exti.c **** 
 400:Drivers/STM32F2xx_HAL_Driver/Src/stm32f2xx_hal_exti.c ****   /* Check null pointer */
 401:Drivers/STM32F2xx_HAL_Driver/Src/stm32f2xx_hal_exti.c ****   if (hexti == NULL)
 653              		.loc 1 401 3 view .LVU217
 654              		.loc 1 401 6 is_stmt 0 view .LVU218
 655 0000 10B1     		cbz	r0, .L55
 402:Drivers/STM32F2xx_HAL_Driver/Src/stm32f2xx_hal_exti.c ****   {
 403:Drivers/STM32F2xx_HAL_Driver/Src/stm32f2xx_hal_exti.c ****     return HAL_ERROR;
 404:Drivers/STM32F2xx_HAL_Driver/Src/stm32f2xx_hal_exti.c ****   }
 405:Drivers/STM32F2xx_HAL_Driver/Src/stm32f2xx_hal_exti.c ****   else
 406:Drivers/STM32F2xx_HAL_Driver/Src/stm32f2xx_hal_exti.c ****   {
 407:Drivers/STM32F2xx_HAL_Driver/Src/stm32f2xx_hal_exti.c ****     /* Store line number as handle private field */
 408:Drivers/STM32F2xx_HAL_Driver/Src/stm32f2xx_hal_exti.c ****     hexti->Line = ExtiLine;
 656              		.loc 1 408 5 is_stmt 1 view .LVU219
 657              		.loc 1 408 17 is_stmt 0 view .LVU220
 658 0002 0160     		str	r1, [r0]
 409:Drivers/STM32F2xx_HAL_Driver/Src/stm32f2xx_hal_exti.c **** 
 410:Drivers/STM32F2xx_HAL_Driver/Src/stm32f2xx_hal_exti.c ****     return HAL_OK;
 659              		.loc 1 410 5 is_stmt 1 view .LVU221
 660              		.loc 1 410 12 is_stmt 0 view .LVU222
 661 0004 0020     		movs	r0, #0
 662              	.LVL51:
 663              		.loc 1 410 12 view .LVU223
 664 0006 7047     		bx	lr
 665              	.LVL52:
 666              	.L55:
 403:Drivers/STM32F2xx_HAL_Driver/Src/stm32f2xx_hal_exti.c ****   }
 667              		.loc 1 403 12 view .LVU224
 668 0008 0120     		movs	r0, #1
 669              	.LVL53:
 411:Drivers/STM32F2xx_HAL_Driver/Src/stm32f2xx_hal_exti.c ****   }
 412:Drivers/STM32F2xx_HAL_Driver/Src/stm32f2xx_hal_exti.c **** }
 670              		.loc 1 412 1 view .LVU225
 671 000a 7047     		bx	lr
 672              		.cfi_endproc
ARM GAS  /tmp/ccAuUfl1.s 			page 21


 673              	.LFE76:
 675              		.section	.text.HAL_EXTI_IRQHandler,"ax",%progbits
 676              		.align	1
 677              		.global	HAL_EXTI_IRQHandler
 678              		.syntax unified
 679              		.thumb
 680              		.thumb_func
 682              	HAL_EXTI_IRQHandler:
 683              	.LVL54:
 684              	.LFB77:
 413:Drivers/STM32F2xx_HAL_Driver/Src/stm32f2xx_hal_exti.c **** 
 414:Drivers/STM32F2xx_HAL_Driver/Src/stm32f2xx_hal_exti.c **** /**
 415:Drivers/STM32F2xx_HAL_Driver/Src/stm32f2xx_hal_exti.c ****   * @}
 416:Drivers/STM32F2xx_HAL_Driver/Src/stm32f2xx_hal_exti.c ****   */
 417:Drivers/STM32F2xx_HAL_Driver/Src/stm32f2xx_hal_exti.c **** 
 418:Drivers/STM32F2xx_HAL_Driver/Src/stm32f2xx_hal_exti.c **** /** @addtogroup EXTI_Exported_Functions_Group2
 419:Drivers/STM32F2xx_HAL_Driver/Src/stm32f2xx_hal_exti.c ****   *  @brief EXTI IO functions.
 420:Drivers/STM32F2xx_HAL_Driver/Src/stm32f2xx_hal_exti.c ****   *
 421:Drivers/STM32F2xx_HAL_Driver/Src/stm32f2xx_hal_exti.c **** @verbatim
 422:Drivers/STM32F2xx_HAL_Driver/Src/stm32f2xx_hal_exti.c ****  ===============================================================================
 423:Drivers/STM32F2xx_HAL_Driver/Src/stm32f2xx_hal_exti.c ****                        ##### IO operation functions #####
 424:Drivers/STM32F2xx_HAL_Driver/Src/stm32f2xx_hal_exti.c ****  ===============================================================================
 425:Drivers/STM32F2xx_HAL_Driver/Src/stm32f2xx_hal_exti.c **** 
 426:Drivers/STM32F2xx_HAL_Driver/Src/stm32f2xx_hal_exti.c **** @endverbatim
 427:Drivers/STM32F2xx_HAL_Driver/Src/stm32f2xx_hal_exti.c ****   * @{
 428:Drivers/STM32F2xx_HAL_Driver/Src/stm32f2xx_hal_exti.c ****   */
 429:Drivers/STM32F2xx_HAL_Driver/Src/stm32f2xx_hal_exti.c **** 
 430:Drivers/STM32F2xx_HAL_Driver/Src/stm32f2xx_hal_exti.c **** /**
 431:Drivers/STM32F2xx_HAL_Driver/Src/stm32f2xx_hal_exti.c ****   * @brief  Handle EXTI interrupt request.
 432:Drivers/STM32F2xx_HAL_Driver/Src/stm32f2xx_hal_exti.c ****   * @param  hexti Exti handle.
 433:Drivers/STM32F2xx_HAL_Driver/Src/stm32f2xx_hal_exti.c ****   * @retval none.
 434:Drivers/STM32F2xx_HAL_Driver/Src/stm32f2xx_hal_exti.c ****   */
 435:Drivers/STM32F2xx_HAL_Driver/Src/stm32f2xx_hal_exti.c **** void HAL_EXTI_IRQHandler(EXTI_HandleTypeDef *hexti)
 436:Drivers/STM32F2xx_HAL_Driver/Src/stm32f2xx_hal_exti.c **** {
 685              		.loc 1 436 1 is_stmt 1 view -0
 686              		.cfi_startproc
 687              		@ args = 0, pretend = 0, frame = 0
 688              		@ frame_needed = 0, uses_anonymous_args = 0
 689              		.loc 1 436 1 is_stmt 0 view .LVU227
 690 0000 08B5     		push	{r3, lr}
 691              	.LCFI11:
 692              		.cfi_def_cfa_offset 8
 693              		.cfi_offset 3, -8
 694              		.cfi_offset 14, -4
 437:Drivers/STM32F2xx_HAL_Driver/Src/stm32f2xx_hal_exti.c ****   uint32_t regval;
 695              		.loc 1 437 3 is_stmt 1 view .LVU228
 438:Drivers/STM32F2xx_HAL_Driver/Src/stm32f2xx_hal_exti.c ****   uint32_t maskline;
 696              		.loc 1 438 3 view .LVU229
 439:Drivers/STM32F2xx_HAL_Driver/Src/stm32f2xx_hal_exti.c **** 
 440:Drivers/STM32F2xx_HAL_Driver/Src/stm32f2xx_hal_exti.c ****   /* Compute line mask */
 441:Drivers/STM32F2xx_HAL_Driver/Src/stm32f2xx_hal_exti.c ****   maskline = (1uL << (hexti->Line & EXTI_PIN_MASK));
 697              		.loc 1 441 3 view .LVU230
 698              		.loc 1 441 28 is_stmt 0 view .LVU231
 699 0002 0368     		ldr	r3, [r0]
 700              		.loc 1 441 35 view .LVU232
 701 0004 03F01F02 		and	r2, r3, #31
 702              		.loc 1 441 12 view .LVU233
ARM GAS  /tmp/ccAuUfl1.s 			page 22


 703 0008 0123     		movs	r3, #1
 704 000a 9340     		lsls	r3, r3, r2
 705              	.LVL55:
 442:Drivers/STM32F2xx_HAL_Driver/Src/stm32f2xx_hal_exti.c **** 
 443:Drivers/STM32F2xx_HAL_Driver/Src/stm32f2xx_hal_exti.c ****   /* Get pending bit  */
 444:Drivers/STM32F2xx_HAL_Driver/Src/stm32f2xx_hal_exti.c ****   regval = (EXTI->PR & maskline);
 706              		.loc 1 444 3 is_stmt 1 view .LVU234
 707              		.loc 1 444 17 is_stmt 0 view .LVU235
 708 000c 044A     		ldr	r2, .L59
 709 000e 5269     		ldr	r2, [r2, #20]
 710              	.LVL56:
 445:Drivers/STM32F2xx_HAL_Driver/Src/stm32f2xx_hal_exti.c ****   if (regval != 0x00u)
 711              		.loc 1 445 3 is_stmt 1 view .LVU236
 712              		.loc 1 445 6 is_stmt 0 view .LVU237
 713 0010 1A42     		tst	r2, r3
 714 0012 04D0     		beq	.L56
 446:Drivers/STM32F2xx_HAL_Driver/Src/stm32f2xx_hal_exti.c ****   {
 447:Drivers/STM32F2xx_HAL_Driver/Src/stm32f2xx_hal_exti.c ****     /* Clear pending bit */
 448:Drivers/STM32F2xx_HAL_Driver/Src/stm32f2xx_hal_exti.c ****     EXTI->PR = maskline;
 715              		.loc 1 448 5 is_stmt 1 view .LVU238
 716              		.loc 1 448 14 is_stmt 0 view .LVU239
 717 0014 024A     		ldr	r2, .L59
 718              	.LVL57:
 719              		.loc 1 448 14 view .LVU240
 720 0016 5361     		str	r3, [r2, #20]
 449:Drivers/STM32F2xx_HAL_Driver/Src/stm32f2xx_hal_exti.c **** 
 450:Drivers/STM32F2xx_HAL_Driver/Src/stm32f2xx_hal_exti.c ****     /* Call callback */
 451:Drivers/STM32F2xx_HAL_Driver/Src/stm32f2xx_hal_exti.c ****     if (hexti->PendingCallback != NULL)
 721              		.loc 1 451 5 is_stmt 1 view .LVU241
 722              		.loc 1 451 14 is_stmt 0 view .LVU242
 723 0018 4368     		ldr	r3, [r0, #4]
 724              	.LVL58:
 725              		.loc 1 451 8 view .LVU243
 726 001a 03B1     		cbz	r3, .L56
 452:Drivers/STM32F2xx_HAL_Driver/Src/stm32f2xx_hal_exti.c ****     {
 453:Drivers/STM32F2xx_HAL_Driver/Src/stm32f2xx_hal_exti.c ****       hexti->PendingCallback();
 727              		.loc 1 453 7 is_stmt 1 view .LVU244
 728 001c 9847     		blx	r3
 729              	.LVL59:
 730              	.L56:
 454:Drivers/STM32F2xx_HAL_Driver/Src/stm32f2xx_hal_exti.c ****     }
 455:Drivers/STM32F2xx_HAL_Driver/Src/stm32f2xx_hal_exti.c ****   }
 456:Drivers/STM32F2xx_HAL_Driver/Src/stm32f2xx_hal_exti.c **** }
 731              		.loc 1 456 1 is_stmt 0 view .LVU245
 732 001e 08BD     		pop	{r3, pc}
 733              	.L60:
 734              		.align	2
 735              	.L59:
 736 0020 003C0140 		.word	1073822720
 737              		.cfi_endproc
 738              	.LFE77:
 740              		.section	.text.HAL_EXTI_GetPending,"ax",%progbits
 741              		.align	1
 742              		.global	HAL_EXTI_GetPending
 743              		.syntax unified
 744              		.thumb
 745              		.thumb_func
ARM GAS  /tmp/ccAuUfl1.s 			page 23


 747              	HAL_EXTI_GetPending:
 748              	.LVL60:
 749              	.LFB78:
 457:Drivers/STM32F2xx_HAL_Driver/Src/stm32f2xx_hal_exti.c **** 
 458:Drivers/STM32F2xx_HAL_Driver/Src/stm32f2xx_hal_exti.c **** /**
 459:Drivers/STM32F2xx_HAL_Driver/Src/stm32f2xx_hal_exti.c ****   * @brief  Get interrupt pending bit of a dedicated line.
 460:Drivers/STM32F2xx_HAL_Driver/Src/stm32f2xx_hal_exti.c ****   * @param  hexti Exti handle.
 461:Drivers/STM32F2xx_HAL_Driver/Src/stm32f2xx_hal_exti.c ****   * @param  Edge Specify which pending edge as to be checked.
 462:Drivers/STM32F2xx_HAL_Driver/Src/stm32f2xx_hal_exti.c ****   *         This parameter can be one of the following values:
 463:Drivers/STM32F2xx_HAL_Driver/Src/stm32f2xx_hal_exti.c ****   *           @arg @ref EXTI_TRIGGER_RISING_FALLING
 464:Drivers/STM32F2xx_HAL_Driver/Src/stm32f2xx_hal_exti.c ****   *         This parameter is kept for compatibility with other series.
 465:Drivers/STM32F2xx_HAL_Driver/Src/stm32f2xx_hal_exti.c ****   * @retval 1 if interrupt is pending else 0.
 466:Drivers/STM32F2xx_HAL_Driver/Src/stm32f2xx_hal_exti.c ****   */
 467:Drivers/STM32F2xx_HAL_Driver/Src/stm32f2xx_hal_exti.c **** uint32_t HAL_EXTI_GetPending(EXTI_HandleTypeDef *hexti, uint32_t Edge)
 468:Drivers/STM32F2xx_HAL_Driver/Src/stm32f2xx_hal_exti.c **** {
 750              		.loc 1 468 1 is_stmt 1 view -0
 751              		.cfi_startproc
 752              		@ args = 0, pretend = 0, frame = 0
 753              		@ frame_needed = 0, uses_anonymous_args = 0
 754              		@ link register save eliminated.
 469:Drivers/STM32F2xx_HAL_Driver/Src/stm32f2xx_hal_exti.c ****   uint32_t regval;
 755              		.loc 1 469 3 view .LVU247
 470:Drivers/STM32F2xx_HAL_Driver/Src/stm32f2xx_hal_exti.c ****   uint32_t linepos;
 756              		.loc 1 470 3 view .LVU248
 471:Drivers/STM32F2xx_HAL_Driver/Src/stm32f2xx_hal_exti.c ****   uint32_t maskline;
 757              		.loc 1 471 3 view .LVU249
 472:Drivers/STM32F2xx_HAL_Driver/Src/stm32f2xx_hal_exti.c **** 
 473:Drivers/STM32F2xx_HAL_Driver/Src/stm32f2xx_hal_exti.c ****   /* Check parameters */
 474:Drivers/STM32F2xx_HAL_Driver/Src/stm32f2xx_hal_exti.c ****   assert_param(IS_EXTI_LINE(hexti->Line));
 758              		.loc 1 474 3 view .LVU250
 475:Drivers/STM32F2xx_HAL_Driver/Src/stm32f2xx_hal_exti.c ****   assert_param(IS_EXTI_CONFIG_LINE(hexti->Line));
 759              		.loc 1 475 3 view .LVU251
 476:Drivers/STM32F2xx_HAL_Driver/Src/stm32f2xx_hal_exti.c ****   assert_param(IS_EXTI_PENDING_EDGE(Edge));
 760              		.loc 1 476 3 view .LVU252
 477:Drivers/STM32F2xx_HAL_Driver/Src/stm32f2xx_hal_exti.c **** 
 478:Drivers/STM32F2xx_HAL_Driver/Src/stm32f2xx_hal_exti.c ****   /* Compute line mask */
 479:Drivers/STM32F2xx_HAL_Driver/Src/stm32f2xx_hal_exti.c ****   linepos = (hexti->Line & EXTI_PIN_MASK);
 761              		.loc 1 479 3 view .LVU253
 762              		.loc 1 479 19 is_stmt 0 view .LVU254
 763 0000 0368     		ldr	r3, [r0]
 764              		.loc 1 479 11 view .LVU255
 765 0002 03F01F03 		and	r3, r3, #31
 766              	.LVL61:
 480:Drivers/STM32F2xx_HAL_Driver/Src/stm32f2xx_hal_exti.c ****   maskline = (1uL << linepos);
 767              		.loc 1 480 3 is_stmt 1 view .LVU256
 768              		.loc 1 480 12 is_stmt 0 view .LVU257
 769 0006 0122     		movs	r2, #1
 770 0008 9A40     		lsls	r2, r2, r3
 771              	.LVL62:
 481:Drivers/STM32F2xx_HAL_Driver/Src/stm32f2xx_hal_exti.c **** 
 482:Drivers/STM32F2xx_HAL_Driver/Src/stm32f2xx_hal_exti.c ****   /* return 1 if bit is set else 0 */
 483:Drivers/STM32F2xx_HAL_Driver/Src/stm32f2xx_hal_exti.c ****   regval = ((EXTI->PR & maskline) >> linepos);
 772              		.loc 1 483 3 is_stmt 1 view .LVU258
 773              		.loc 1 483 18 is_stmt 0 view .LVU259
 774 000a 0249     		ldr	r1, .L62
 775              	.LVL63:
 776              		.loc 1 483 18 view .LVU260
ARM GAS  /tmp/ccAuUfl1.s 			page 24


 777 000c 4869     		ldr	r0, [r1, #20]
 778              	.LVL64:
 779              		.loc 1 483 23 view .LVU261
 780 000e 1040     		ands	r0, r0, r2
 781              	.LVL65:
 484:Drivers/STM32F2xx_HAL_Driver/Src/stm32f2xx_hal_exti.c ****   return regval;
 782              		.loc 1 484 3 is_stmt 1 view .LVU262
 485:Drivers/STM32F2xx_HAL_Driver/Src/stm32f2xx_hal_exti.c **** }
 783              		.loc 1 485 1 is_stmt 0 view .LVU263
 784 0010 D840     		lsrs	r0, r0, r3
 785              	.LVL66:
 786              		.loc 1 485 1 view .LVU264
 787 0012 7047     		bx	lr
 788              	.L63:
 789              		.align	2
 790              	.L62:
 791 0014 003C0140 		.word	1073822720
 792              		.cfi_endproc
 793              	.LFE78:
 795              		.section	.text.HAL_EXTI_ClearPending,"ax",%progbits
 796              		.align	1
 797              		.global	HAL_EXTI_ClearPending
 798              		.syntax unified
 799              		.thumb
 800              		.thumb_func
 802              	HAL_EXTI_ClearPending:
 803              	.LVL67:
 804              	.LFB79:
 486:Drivers/STM32F2xx_HAL_Driver/Src/stm32f2xx_hal_exti.c **** 
 487:Drivers/STM32F2xx_HAL_Driver/Src/stm32f2xx_hal_exti.c **** /**
 488:Drivers/STM32F2xx_HAL_Driver/Src/stm32f2xx_hal_exti.c ****   * @brief  Clear interrupt pending bit of a dedicated line.
 489:Drivers/STM32F2xx_HAL_Driver/Src/stm32f2xx_hal_exti.c ****   * @param  hexti Exti handle.
 490:Drivers/STM32F2xx_HAL_Driver/Src/stm32f2xx_hal_exti.c ****   * @param  Edge Specify which pending edge as to be clear.
 491:Drivers/STM32F2xx_HAL_Driver/Src/stm32f2xx_hal_exti.c ****   *         This parameter can be one of the following values:
 492:Drivers/STM32F2xx_HAL_Driver/Src/stm32f2xx_hal_exti.c ****   *           @arg @ref EXTI_TRIGGER_RISING_FALLING
 493:Drivers/STM32F2xx_HAL_Driver/Src/stm32f2xx_hal_exti.c ****   *         This parameter is kept for compatibility with other series.
 494:Drivers/STM32F2xx_HAL_Driver/Src/stm32f2xx_hal_exti.c ****   * @retval None.
 495:Drivers/STM32F2xx_HAL_Driver/Src/stm32f2xx_hal_exti.c ****   */
 496:Drivers/STM32F2xx_HAL_Driver/Src/stm32f2xx_hal_exti.c **** void HAL_EXTI_ClearPending(EXTI_HandleTypeDef *hexti, uint32_t Edge)
 497:Drivers/STM32F2xx_HAL_Driver/Src/stm32f2xx_hal_exti.c **** {
 805              		.loc 1 497 1 is_stmt 1 view -0
 806              		.cfi_startproc
 807              		@ args = 0, pretend = 0, frame = 0
 808              		@ frame_needed = 0, uses_anonymous_args = 0
 809              		@ link register save eliminated.
 498:Drivers/STM32F2xx_HAL_Driver/Src/stm32f2xx_hal_exti.c ****   uint32_t maskline;
 810              		.loc 1 498 3 view .LVU266
 499:Drivers/STM32F2xx_HAL_Driver/Src/stm32f2xx_hal_exti.c **** 
 500:Drivers/STM32F2xx_HAL_Driver/Src/stm32f2xx_hal_exti.c ****   /* Check parameters */
 501:Drivers/STM32F2xx_HAL_Driver/Src/stm32f2xx_hal_exti.c ****   assert_param(IS_EXTI_LINE(hexti->Line));
 811              		.loc 1 501 3 view .LVU267
 502:Drivers/STM32F2xx_HAL_Driver/Src/stm32f2xx_hal_exti.c ****   assert_param(IS_EXTI_CONFIG_LINE(hexti->Line));
 812              		.loc 1 502 3 view .LVU268
 503:Drivers/STM32F2xx_HAL_Driver/Src/stm32f2xx_hal_exti.c ****   assert_param(IS_EXTI_PENDING_EDGE(Edge));
 813              		.loc 1 503 3 view .LVU269
 504:Drivers/STM32F2xx_HAL_Driver/Src/stm32f2xx_hal_exti.c **** 
 505:Drivers/STM32F2xx_HAL_Driver/Src/stm32f2xx_hal_exti.c ****   /* Compute line mask */
ARM GAS  /tmp/ccAuUfl1.s 			page 25


 506:Drivers/STM32F2xx_HAL_Driver/Src/stm32f2xx_hal_exti.c ****   maskline = (1uL << (hexti->Line & EXTI_PIN_MASK));
 814              		.loc 1 506 3 view .LVU270
 815              		.loc 1 506 28 is_stmt 0 view .LVU271
 816 0000 0268     		ldr	r2, [r0]
 817              		.loc 1 506 35 view .LVU272
 818 0002 02F01F02 		and	r2, r2, #31
 819              		.loc 1 506 12 view .LVU273
 820 0006 0123     		movs	r3, #1
 821 0008 9340     		lsls	r3, r3, r2
 822              	.LVL68:
 507:Drivers/STM32F2xx_HAL_Driver/Src/stm32f2xx_hal_exti.c **** 
 508:Drivers/STM32F2xx_HAL_Driver/Src/stm32f2xx_hal_exti.c ****   /* Clear Pending bit */
 509:Drivers/STM32F2xx_HAL_Driver/Src/stm32f2xx_hal_exti.c ****   EXTI->PR =  maskline;
 823              		.loc 1 509 3 is_stmt 1 view .LVU274
 824              		.loc 1 509 12 is_stmt 0 view .LVU275
 825 000a 014A     		ldr	r2, .L65
 826 000c 5361     		str	r3, [r2, #20]
 510:Drivers/STM32F2xx_HAL_Driver/Src/stm32f2xx_hal_exti.c **** }
 827              		.loc 1 510 1 view .LVU276
 828 000e 7047     		bx	lr
 829              	.L66:
 830              		.align	2
 831              	.L65:
 832 0010 003C0140 		.word	1073822720
 833              		.cfi_endproc
 834              	.LFE79:
 836              		.section	.text.HAL_EXTI_GenerateSWI,"ax",%progbits
 837              		.align	1
 838              		.global	HAL_EXTI_GenerateSWI
 839              		.syntax unified
 840              		.thumb
 841              		.thumb_func
 843              	HAL_EXTI_GenerateSWI:
 844              	.LVL69:
 845              	.LFB80:
 511:Drivers/STM32F2xx_HAL_Driver/Src/stm32f2xx_hal_exti.c **** 
 512:Drivers/STM32F2xx_HAL_Driver/Src/stm32f2xx_hal_exti.c **** /**
 513:Drivers/STM32F2xx_HAL_Driver/Src/stm32f2xx_hal_exti.c ****   * @brief  Generate a software interrupt for a dedicated line.
 514:Drivers/STM32F2xx_HAL_Driver/Src/stm32f2xx_hal_exti.c ****   * @param  hexti Exti handle.
 515:Drivers/STM32F2xx_HAL_Driver/Src/stm32f2xx_hal_exti.c ****   * @retval None.
 516:Drivers/STM32F2xx_HAL_Driver/Src/stm32f2xx_hal_exti.c ****   */
 517:Drivers/STM32F2xx_HAL_Driver/Src/stm32f2xx_hal_exti.c **** void HAL_EXTI_GenerateSWI(EXTI_HandleTypeDef *hexti)
 518:Drivers/STM32F2xx_HAL_Driver/Src/stm32f2xx_hal_exti.c **** {
 846              		.loc 1 518 1 is_stmt 1 view -0
 847              		.cfi_startproc
 848              		@ args = 0, pretend = 0, frame = 0
 849              		@ frame_needed = 0, uses_anonymous_args = 0
 850              		@ link register save eliminated.
 519:Drivers/STM32F2xx_HAL_Driver/Src/stm32f2xx_hal_exti.c ****   uint32_t maskline;
 851              		.loc 1 519 3 view .LVU278
 520:Drivers/STM32F2xx_HAL_Driver/Src/stm32f2xx_hal_exti.c **** 
 521:Drivers/STM32F2xx_HAL_Driver/Src/stm32f2xx_hal_exti.c ****   /* Check parameters */
 522:Drivers/STM32F2xx_HAL_Driver/Src/stm32f2xx_hal_exti.c ****   assert_param(IS_EXTI_LINE(hexti->Line));
 852              		.loc 1 522 3 view .LVU279
 523:Drivers/STM32F2xx_HAL_Driver/Src/stm32f2xx_hal_exti.c ****   assert_param(IS_EXTI_CONFIG_LINE(hexti->Line));
 853              		.loc 1 523 3 view .LVU280
 524:Drivers/STM32F2xx_HAL_Driver/Src/stm32f2xx_hal_exti.c **** 
ARM GAS  /tmp/ccAuUfl1.s 			page 26


 525:Drivers/STM32F2xx_HAL_Driver/Src/stm32f2xx_hal_exti.c ****   /* Compute line mask */
 526:Drivers/STM32F2xx_HAL_Driver/Src/stm32f2xx_hal_exti.c ****   maskline = (1uL << (hexti->Line & EXTI_PIN_MASK));
 854              		.loc 1 526 3 view .LVU281
 855              		.loc 1 526 28 is_stmt 0 view .LVU282
 856 0000 0268     		ldr	r2, [r0]
 857              		.loc 1 526 35 view .LVU283
 858 0002 02F01F02 		and	r2, r2, #31
 859              		.loc 1 526 12 view .LVU284
 860 0006 0123     		movs	r3, #1
 861 0008 9340     		lsls	r3, r3, r2
 862              	.LVL70:
 527:Drivers/STM32F2xx_HAL_Driver/Src/stm32f2xx_hal_exti.c **** 
 528:Drivers/STM32F2xx_HAL_Driver/Src/stm32f2xx_hal_exti.c ****   /* Generate Software interrupt */
 529:Drivers/STM32F2xx_HAL_Driver/Src/stm32f2xx_hal_exti.c ****   EXTI->SWIER = maskline;
 863              		.loc 1 529 3 is_stmt 1 view .LVU285
 864              		.loc 1 529 15 is_stmt 0 view .LVU286
 865 000a 014A     		ldr	r2, .L68
 866 000c 1361     		str	r3, [r2, #16]
 530:Drivers/STM32F2xx_HAL_Driver/Src/stm32f2xx_hal_exti.c **** }
 867              		.loc 1 530 1 view .LVU287
 868 000e 7047     		bx	lr
 869              	.L69:
 870              		.align	2
 871              	.L68:
 872 0010 003C0140 		.word	1073822720
 873              		.cfi_endproc
 874              	.LFE80:
 876              		.text
 877              	.Letext0:
 878              		.file 2 "/home/sru/.local/xPacks/arm-none-eabi-gcc/xpack-arm-none-eabi-gcc-14.2.1-1.1/arm-none-eab
 879              		.file 3 "/home/sru/.local/xPacks/arm-none-eabi-gcc/xpack-arm-none-eabi-gcc-14.2.1-1.1/arm-none-eab
 880              		.file 4 "Drivers/CMSIS/Device/ST/STM32F2xx/Include/stm32f207xx.h"
 881              		.file 5 "Drivers/STM32F2xx_HAL_Driver/Inc/stm32f2xx_hal_def.h"
 882              		.file 6 "Drivers/STM32F2xx_HAL_Driver/Inc/stm32f2xx_hal_exti.h"
ARM GAS  /tmp/ccAuUfl1.s 			page 27


DEFINED SYMBOLS
                            *ABS*:00000000 stm32f2xx_hal_exti.c
     /tmp/ccAuUfl1.s:19     .text.HAL_EXTI_SetConfigLine:00000000 $t
     /tmp/ccAuUfl1.s:25     .text.HAL_EXTI_SetConfigLine:00000000 HAL_EXTI_SetConfigLine
     /tmp/ccAuUfl1.s:249    .text.HAL_EXTI_SetConfigLine:000000d0 $d
     /tmp/ccAuUfl1.s:255    .text.HAL_EXTI_GetConfigLine:00000000 $t
     /tmp/ccAuUfl1.s:261    .text.HAL_EXTI_GetConfigLine:00000000 HAL_EXTI_GetConfigLine
     /tmp/ccAuUfl1.s:441    .text.HAL_EXTI_GetConfigLine:000000a0 $d
     /tmp/ccAuUfl1.s:447    .text.HAL_EXTI_ClearConfigLine:00000000 $t
     /tmp/ccAuUfl1.s:453    .text.HAL_EXTI_ClearConfigLine:00000000 HAL_EXTI_ClearConfigLine
     /tmp/ccAuUfl1.s:593    .text.HAL_EXTI_ClearConfigLine:0000007c $d
     /tmp/ccAuUfl1.s:599    .text.HAL_EXTI_RegisterCallback:00000000 $t
     /tmp/ccAuUfl1.s:605    .text.HAL_EXTI_RegisterCallback:00000000 HAL_EXTI_RegisterCallback
     /tmp/ccAuUfl1.s:638    .text.HAL_EXTI_GetHandle:00000000 $t
     /tmp/ccAuUfl1.s:644    .text.HAL_EXTI_GetHandle:00000000 HAL_EXTI_GetHandle
     /tmp/ccAuUfl1.s:676    .text.HAL_EXTI_IRQHandler:00000000 $t
     /tmp/ccAuUfl1.s:682    .text.HAL_EXTI_IRQHandler:00000000 HAL_EXTI_IRQHandler
     /tmp/ccAuUfl1.s:736    .text.HAL_EXTI_IRQHandler:00000020 $d
     /tmp/ccAuUfl1.s:741    .text.HAL_EXTI_GetPending:00000000 $t
     /tmp/ccAuUfl1.s:747    .text.HAL_EXTI_GetPending:00000000 HAL_EXTI_GetPending
     /tmp/ccAuUfl1.s:791    .text.HAL_EXTI_GetPending:00000014 $d
     /tmp/ccAuUfl1.s:796    .text.HAL_EXTI_ClearPending:00000000 $t
     /tmp/ccAuUfl1.s:802    .text.HAL_EXTI_ClearPending:00000000 HAL_EXTI_ClearPending
     /tmp/ccAuUfl1.s:832    .text.HAL_EXTI_ClearPending:00000010 $d
     /tmp/ccAuUfl1.s:837    .text.HAL_EXTI_GenerateSWI:00000000 $t
     /tmp/ccAuUfl1.s:843    .text.HAL_EXTI_GenerateSWI:00000000 HAL_EXTI_GenerateSWI
     /tmp/ccAuUfl1.s:872    .text.HAL_EXTI_GenerateSWI:00000010 $d

NO UNDEFINED SYMBOLS
