ARM GAS  /tmp/ccb3DikQ.s 			page 1


   1              		.cpu cortex-m3
   2              		.arch armv7-m
   3              		.fpu softvfp
   4              		.eabi_attribute 20, 1
   5              		.eabi_attribute 21, 1
   6              		.eabi_attribute 23, 3
   7              		.eabi_attribute 24, 1
   8              		.eabi_attribute 25, 1
   9              		.eabi_attribute 26, 1
  10              		.eabi_attribute 30, 1
  11              		.eabi_attribute 34, 1
  12              		.eabi_attribute 18, 4
  13              		.file	"stm32f2xx_hal_msp.c"
  14              		.text
  15              	.Ltext0:
  16              		.cfi_sections	.debug_frame
  17              		.file 1 "Core/Src/stm32f2xx_hal_msp.c"
  18              		.section	.text.HAL_MspInit,"ax",%progbits
  19              		.align	1
  20              		.global	HAL_MspInit
  21              		.syntax unified
  22              		.thumb
  23              		.thumb_func
  25              	HAL_MspInit:
  26              	.LFB72:
   1:Core/Src/stm32f2xx_hal_msp.c **** /* USER CODE BEGIN Header */
   2:Core/Src/stm32f2xx_hal_msp.c **** /**
   3:Core/Src/stm32f2xx_hal_msp.c ****   ******************************************************************************
   4:Core/Src/stm32f2xx_hal_msp.c ****   * @file         stm32f2xx_hal_msp.c
   5:Core/Src/stm32f2xx_hal_msp.c ****   * @brief        This file provides code for the MSP Initialization
   6:Core/Src/stm32f2xx_hal_msp.c ****   *               and de-Initialization codes.
   7:Core/Src/stm32f2xx_hal_msp.c ****   ******************************************************************************
   8:Core/Src/stm32f2xx_hal_msp.c ****   * @attention
   9:Core/Src/stm32f2xx_hal_msp.c ****   *
  10:Core/Src/stm32f2xx_hal_msp.c ****   * Copyright (c) 2026 STMicroelectronics.
  11:Core/Src/stm32f2xx_hal_msp.c ****   * All rights reserved.
  12:Core/Src/stm32f2xx_hal_msp.c ****   *
  13:Core/Src/stm32f2xx_hal_msp.c ****   * This software is licensed under terms that can be found in the LICENSE file
  14:Core/Src/stm32f2xx_hal_msp.c ****   * in the root directory of this software component.
  15:Core/Src/stm32f2xx_hal_msp.c ****   * If no LICENSE file comes with this software, it is provided AS-IS.
  16:Core/Src/stm32f2xx_hal_msp.c ****   *
  17:Core/Src/stm32f2xx_hal_msp.c ****   ******************************************************************************
  18:Core/Src/stm32f2xx_hal_msp.c ****   */
  19:Core/Src/stm32f2xx_hal_msp.c **** /* USER CODE END Header */
  20:Core/Src/stm32f2xx_hal_msp.c **** /* Includes ------------------------------------------------------------------*/
  21:Core/Src/stm32f2xx_hal_msp.c **** #include "main.h"
  22:Core/Src/stm32f2xx_hal_msp.c **** /* USER CODE BEGIN Includes */
  23:Core/Src/stm32f2xx_hal_msp.c **** 
  24:Core/Src/stm32f2xx_hal_msp.c **** /* USER CODE END Includes */
  25:Core/Src/stm32f2xx_hal_msp.c **** 
  26:Core/Src/stm32f2xx_hal_msp.c **** /* Private typedef -----------------------------------------------------------*/
  27:Core/Src/stm32f2xx_hal_msp.c **** /* USER CODE BEGIN TD */
  28:Core/Src/stm32f2xx_hal_msp.c **** 
  29:Core/Src/stm32f2xx_hal_msp.c **** /* USER CODE END TD */
  30:Core/Src/stm32f2xx_hal_msp.c **** 
  31:Core/Src/stm32f2xx_hal_msp.c **** /* Private define ------------------------------------------------------------*/
  32:Core/Src/stm32f2xx_hal_msp.c **** /* USER CODE BEGIN Define */
ARM GAS  /tmp/ccb3DikQ.s 			page 2


  33:Core/Src/stm32f2xx_hal_msp.c **** 
  34:Core/Src/stm32f2xx_hal_msp.c **** /* USER CODE END Define */
  35:Core/Src/stm32f2xx_hal_msp.c **** 
  36:Core/Src/stm32f2xx_hal_msp.c **** /* Private macro -------------------------------------------------------------*/
  37:Core/Src/stm32f2xx_hal_msp.c **** /* USER CODE BEGIN Macro */
  38:Core/Src/stm32f2xx_hal_msp.c **** 
  39:Core/Src/stm32f2xx_hal_msp.c **** /* USER CODE END Macro */
  40:Core/Src/stm32f2xx_hal_msp.c **** 
  41:Core/Src/stm32f2xx_hal_msp.c **** /* Private variables ---------------------------------------------------------*/
  42:Core/Src/stm32f2xx_hal_msp.c **** /* USER CODE BEGIN PV */
  43:Core/Src/stm32f2xx_hal_msp.c **** 
  44:Core/Src/stm32f2xx_hal_msp.c **** /* USER CODE END PV */
  45:Core/Src/stm32f2xx_hal_msp.c **** 
  46:Core/Src/stm32f2xx_hal_msp.c **** /* Private function prototypes -----------------------------------------------*/
  47:Core/Src/stm32f2xx_hal_msp.c **** /* USER CODE BEGIN PFP */
  48:Core/Src/stm32f2xx_hal_msp.c **** 
  49:Core/Src/stm32f2xx_hal_msp.c **** /* USER CODE END PFP */
  50:Core/Src/stm32f2xx_hal_msp.c **** 
  51:Core/Src/stm32f2xx_hal_msp.c **** /* External functions --------------------------------------------------------*/
  52:Core/Src/stm32f2xx_hal_msp.c **** /* USER CODE BEGIN ExternalFunctions */
  53:Core/Src/stm32f2xx_hal_msp.c **** 
  54:Core/Src/stm32f2xx_hal_msp.c **** /* USER CODE END ExternalFunctions */
  55:Core/Src/stm32f2xx_hal_msp.c **** 
  56:Core/Src/stm32f2xx_hal_msp.c **** /* USER CODE BEGIN 0 */
  57:Core/Src/stm32f2xx_hal_msp.c **** 
  58:Core/Src/stm32f2xx_hal_msp.c **** /* USER CODE END 0 */
  59:Core/Src/stm32f2xx_hal_msp.c **** 
  60:Core/Src/stm32f2xx_hal_msp.c **** void HAL_TIM_MspPostInit(TIM_HandleTypeDef *htim);
  61:Core/Src/stm32f2xx_hal_msp.c ****                     /**
  62:Core/Src/stm32f2xx_hal_msp.c ****   * Initializes the Global MSP.
  63:Core/Src/stm32f2xx_hal_msp.c ****   */
  64:Core/Src/stm32f2xx_hal_msp.c **** void HAL_MspInit(void)
  65:Core/Src/stm32f2xx_hal_msp.c **** {
  27              		.loc 1 65 1 view -0
  28              		.cfi_startproc
  29              		@ args = 0, pretend = 0, frame = 8
  30              		@ frame_needed = 0, uses_anonymous_args = 0
  31              		@ link register save eliminated.
  32 0000 82B0     		sub	sp, sp, #8
  33              	.LCFI0:
  34              		.cfi_def_cfa_offset 8
  66:Core/Src/stm32f2xx_hal_msp.c **** 
  67:Core/Src/stm32f2xx_hal_msp.c ****   /* USER CODE BEGIN MspInit 0 */
  68:Core/Src/stm32f2xx_hal_msp.c **** 
  69:Core/Src/stm32f2xx_hal_msp.c ****   /* USER CODE END MspInit 0 */
  70:Core/Src/stm32f2xx_hal_msp.c **** 
  71:Core/Src/stm32f2xx_hal_msp.c ****   __HAL_RCC_SYSCFG_CLK_ENABLE();
  35              		.loc 1 71 3 view .LVU1
  36              	.LBB2:
  37              		.loc 1 71 3 view .LVU2
  38 0002 0021     		movs	r1, #0
  39 0004 0091     		str	r1, [sp]
  40              		.loc 1 71 3 view .LVU3
  41 0006 0B4B     		ldr	r3, .L3
  42 0008 5A6C     		ldr	r2, [r3, #68]
  43 000a 42F48042 		orr	r2, r2, #16384
  44 000e 5A64     		str	r2, [r3, #68]
ARM GAS  /tmp/ccb3DikQ.s 			page 3


  45              		.loc 1 71 3 view .LVU4
  46 0010 5A6C     		ldr	r2, [r3, #68]
  47 0012 02F48042 		and	r2, r2, #16384
  48 0016 0092     		str	r2, [sp]
  49              		.loc 1 71 3 view .LVU5
  50 0018 009A     		ldr	r2, [sp]
  51              	.LBE2:
  52              		.loc 1 71 3 view .LVU6
  72:Core/Src/stm32f2xx_hal_msp.c ****   __HAL_RCC_PWR_CLK_ENABLE();
  53              		.loc 1 72 3 view .LVU7
  54              	.LBB3:
  55              		.loc 1 72 3 view .LVU8
  56 001a 0191     		str	r1, [sp, #4]
  57              		.loc 1 72 3 view .LVU9
  58 001c 1A6C     		ldr	r2, [r3, #64]
  59 001e 42F08052 		orr	r2, r2, #268435456
  60 0022 1A64     		str	r2, [r3, #64]
  61              		.loc 1 72 3 view .LVU10
  62 0024 1B6C     		ldr	r3, [r3, #64]
  63 0026 03F08053 		and	r3, r3, #268435456
  64 002a 0193     		str	r3, [sp, #4]
  65              		.loc 1 72 3 view .LVU11
  66 002c 019B     		ldr	r3, [sp, #4]
  67              	.LBE3:
  68              		.loc 1 72 3 view .LVU12
  73:Core/Src/stm32f2xx_hal_msp.c **** 
  74:Core/Src/stm32f2xx_hal_msp.c ****   /* System interrupt init*/
  75:Core/Src/stm32f2xx_hal_msp.c **** 
  76:Core/Src/stm32f2xx_hal_msp.c ****   /* USER CODE BEGIN MspInit 1 */
  77:Core/Src/stm32f2xx_hal_msp.c **** 
  78:Core/Src/stm32f2xx_hal_msp.c ****   /* USER CODE END MspInit 1 */
  79:Core/Src/stm32f2xx_hal_msp.c **** }
  69              		.loc 1 79 1 is_stmt 0 view .LVU13
  70 002e 02B0     		add	sp, sp, #8
  71              	.LCFI1:
  72              		.cfi_def_cfa_offset 0
  73              		@ sp needed
  74 0030 7047     		bx	lr
  75              	.L4:
  76 0032 00BF     		.align	2
  77              	.L3:
  78 0034 00380240 		.word	1073887232
  79              		.cfi_endproc
  80              	.LFE72:
  82              		.section	.text.HAL_TIM_Base_MspInit,"ax",%progbits
  83              		.align	1
  84              		.global	HAL_TIM_Base_MspInit
  85              		.syntax unified
  86              		.thumb
  87              		.thumb_func
  89              	HAL_TIM_Base_MspInit:
  90              	.LVL0:
  91              	.LFB73:
  80:Core/Src/stm32f2xx_hal_msp.c **** 
  81:Core/Src/stm32f2xx_hal_msp.c **** /**
  82:Core/Src/stm32f2xx_hal_msp.c ****   * @brief TIM_Base MSP Initialization
  83:Core/Src/stm32f2xx_hal_msp.c ****   * This function configures the hardware resources used in this example
ARM GAS  /tmp/ccb3DikQ.s 			page 4


  84:Core/Src/stm32f2xx_hal_msp.c ****   * @param htim_base: TIM_Base handle pointer
  85:Core/Src/stm32f2xx_hal_msp.c ****   * @retval None
  86:Core/Src/stm32f2xx_hal_msp.c ****   */
  87:Core/Src/stm32f2xx_hal_msp.c **** void HAL_TIM_Base_MspInit(TIM_HandleTypeDef* htim_base)
  88:Core/Src/stm32f2xx_hal_msp.c **** {
  92              		.loc 1 88 1 is_stmt 1 view -0
  93              		.cfi_startproc
  94              		@ args = 0, pretend = 0, frame = 8
  95              		@ frame_needed = 0, uses_anonymous_args = 0
  89:Core/Src/stm32f2xx_hal_msp.c ****   if(htim_base->Instance==TIM5)
  96              		.loc 1 89 3 view .LVU15
  97              		.loc 1 89 15 is_stmt 0 view .LVU16
  98 0000 0268     		ldr	r2, [r0]
  99              		.loc 1 89 5 view .LVU17
 100 0002 0E4B     		ldr	r3, .L12
 101 0004 9A42     		cmp	r2, r3
 102 0006 00D0     		beq	.L11
 103 0008 7047     		bx	lr
 104              	.L11:
  88:Core/Src/stm32f2xx_hal_msp.c ****   if(htim_base->Instance==TIM5)
 105              		.loc 1 88 1 view .LVU18
 106 000a 00B5     		push	{lr}
 107              	.LCFI2:
 108              		.cfi_def_cfa_offset 4
 109              		.cfi_offset 14, -4
 110 000c 83B0     		sub	sp, sp, #12
 111              	.LCFI3:
 112              		.cfi_def_cfa_offset 16
  90:Core/Src/stm32f2xx_hal_msp.c ****   {
  91:Core/Src/stm32f2xx_hal_msp.c ****     /* USER CODE BEGIN TIM5_MspInit 0 */
  92:Core/Src/stm32f2xx_hal_msp.c **** 
  93:Core/Src/stm32f2xx_hal_msp.c ****     /* USER CODE END TIM5_MspInit 0 */
  94:Core/Src/stm32f2xx_hal_msp.c ****     /* Peripheral clock enable */
  95:Core/Src/stm32f2xx_hal_msp.c ****     __HAL_RCC_TIM5_CLK_ENABLE();
 113              		.loc 1 95 5 is_stmt 1 view .LVU19
 114              	.LBB4:
 115              		.loc 1 95 5 view .LVU20
 116 000e 0021     		movs	r1, #0
 117 0010 0191     		str	r1, [sp, #4]
 118              		.loc 1 95 5 view .LVU21
 119 0012 03F50B33 		add	r3, r3, #142336
 120 0016 1A6C     		ldr	r2, [r3, #64]
 121 0018 42F00802 		orr	r2, r2, #8
 122 001c 1A64     		str	r2, [r3, #64]
 123              		.loc 1 95 5 view .LVU22
 124 001e 1B6C     		ldr	r3, [r3, #64]
 125 0020 03F00803 		and	r3, r3, #8
 126 0024 0193     		str	r3, [sp, #4]
 127              		.loc 1 95 5 view .LVU23
 128 0026 019B     		ldr	r3, [sp, #4]
 129              	.LBE4:
 130              		.loc 1 95 5 view .LVU24
  96:Core/Src/stm32f2xx_hal_msp.c ****     /* TIM5 interrupt Init */
  97:Core/Src/stm32f2xx_hal_msp.c ****     HAL_NVIC_SetPriority(TIM5_IRQn, 0, 0);
 131              		.loc 1 97 5 view .LVU25
 132 0028 0A46     		mov	r2, r1
 133 002a 3220     		movs	r0, #50
ARM GAS  /tmp/ccb3DikQ.s 			page 5


 134              	.LVL1:
 135              		.loc 1 97 5 is_stmt 0 view .LVU26
 136 002c FFF7FEFF 		bl	HAL_NVIC_SetPriority
 137              	.LVL2:
  98:Core/Src/stm32f2xx_hal_msp.c ****     HAL_NVIC_EnableIRQ(TIM5_IRQn);
 138              		.loc 1 98 5 is_stmt 1 view .LVU27
 139 0030 3220     		movs	r0, #50
 140 0032 FFF7FEFF 		bl	HAL_NVIC_EnableIRQ
 141              	.LVL3:
  99:Core/Src/stm32f2xx_hal_msp.c ****     /* USER CODE BEGIN TIM5_MspInit 1 */
 100:Core/Src/stm32f2xx_hal_msp.c **** 
 101:Core/Src/stm32f2xx_hal_msp.c ****     /* USER CODE END TIM5_MspInit 1 */
 102:Core/Src/stm32f2xx_hal_msp.c **** 
 103:Core/Src/stm32f2xx_hal_msp.c ****   }
 104:Core/Src/stm32f2xx_hal_msp.c **** 
 105:Core/Src/stm32f2xx_hal_msp.c **** }
 142              		.loc 1 105 1 is_stmt 0 view .LVU28
 143 0036 03B0     		add	sp, sp, #12
 144              	.LCFI4:
 145              		.cfi_def_cfa_offset 4
 146              		@ sp needed
 147 0038 5DF804FB 		ldr	pc, [sp], #4
 148              	.L13:
 149              		.align	2
 150              	.L12:
 151 003c 000C0040 		.word	1073744896
 152              		.cfi_endproc
 153              	.LFE73:
 155              		.section	.text.HAL_TIM_MspPostInit,"ax",%progbits
 156              		.align	1
 157              		.global	HAL_TIM_MspPostInit
 158              		.syntax unified
 159              		.thumb
 160              		.thumb_func
 162              	HAL_TIM_MspPostInit:
 163              	.LVL4:
 164              	.LFB74:
 106:Core/Src/stm32f2xx_hal_msp.c **** 
 107:Core/Src/stm32f2xx_hal_msp.c **** void HAL_TIM_MspPostInit(TIM_HandleTypeDef* htim)
 108:Core/Src/stm32f2xx_hal_msp.c **** {
 165              		.loc 1 108 1 is_stmt 1 view -0
 166              		.cfi_startproc
 167              		@ args = 0, pretend = 0, frame = 24
 168              		@ frame_needed = 0, uses_anonymous_args = 0
 169              		.loc 1 108 1 is_stmt 0 view .LVU30
 170 0000 00B5     		push	{lr}
 171              	.LCFI5:
 172              		.cfi_def_cfa_offset 4
 173              		.cfi_offset 14, -4
 174 0002 87B0     		sub	sp, sp, #28
 175              	.LCFI6:
 176              		.cfi_def_cfa_offset 32
 109:Core/Src/stm32f2xx_hal_msp.c ****   GPIO_InitTypeDef GPIO_InitStruct = {0};
 177              		.loc 1 109 3 is_stmt 1 view .LVU31
 178              		.loc 1 109 20 is_stmt 0 view .LVU32
 179 0004 0023     		movs	r3, #0
 180 0006 0193     		str	r3, [sp, #4]
ARM GAS  /tmp/ccb3DikQ.s 			page 6


 181 0008 0293     		str	r3, [sp, #8]
 182 000a 0393     		str	r3, [sp, #12]
 183 000c 0493     		str	r3, [sp, #16]
 184 000e 0593     		str	r3, [sp, #20]
 110:Core/Src/stm32f2xx_hal_msp.c ****   if(htim->Instance==TIM5)
 185              		.loc 1 110 3 is_stmt 1 view .LVU33
 186              		.loc 1 110 10 is_stmt 0 view .LVU34
 187 0010 0268     		ldr	r2, [r0]
 188              		.loc 1 110 5 view .LVU35
 189 0012 0E4B     		ldr	r3, .L18
 190 0014 9A42     		cmp	r2, r3
 191 0016 02D0     		beq	.L17
 192              	.LVL5:
 193              	.L14:
 111:Core/Src/stm32f2xx_hal_msp.c ****   {
 112:Core/Src/stm32f2xx_hal_msp.c ****     /* USER CODE BEGIN TIM5_MspPostInit 0 */
 113:Core/Src/stm32f2xx_hal_msp.c **** 
 114:Core/Src/stm32f2xx_hal_msp.c ****     /* USER CODE END TIM5_MspPostInit 0 */
 115:Core/Src/stm32f2xx_hal_msp.c **** 
 116:Core/Src/stm32f2xx_hal_msp.c ****     __HAL_RCC_GPIOA_CLK_ENABLE();
 117:Core/Src/stm32f2xx_hal_msp.c ****     /**TIM5 GPIO Configuration
 118:Core/Src/stm32f2xx_hal_msp.c ****     PA0-WKUP     ------> TIM5_CH1
 119:Core/Src/stm32f2xx_hal_msp.c ****     */
 120:Core/Src/stm32f2xx_hal_msp.c ****     GPIO_InitStruct.Pin = GPIO_PIN_0;
 121:Core/Src/stm32f2xx_hal_msp.c ****     GPIO_InitStruct.Mode = GPIO_MODE_AF_PP;
 122:Core/Src/stm32f2xx_hal_msp.c ****     GPIO_InitStruct.Pull = GPIO_NOPULL;
 123:Core/Src/stm32f2xx_hal_msp.c ****     GPIO_InitStruct.Speed = GPIO_SPEED_FREQ_LOW;
 124:Core/Src/stm32f2xx_hal_msp.c ****     GPIO_InitStruct.Alternate = GPIO_AF2_TIM5;
 125:Core/Src/stm32f2xx_hal_msp.c ****     HAL_GPIO_Init(GPIOA, &GPIO_InitStruct);
 126:Core/Src/stm32f2xx_hal_msp.c **** 
 127:Core/Src/stm32f2xx_hal_msp.c ****     /* USER CODE BEGIN TIM5_MspPostInit 1 */
 128:Core/Src/stm32f2xx_hal_msp.c **** 
 129:Core/Src/stm32f2xx_hal_msp.c ****     /* USER CODE END TIM5_MspPostInit 1 */
 130:Core/Src/stm32f2xx_hal_msp.c ****   }
 131:Core/Src/stm32f2xx_hal_msp.c **** 
 132:Core/Src/stm32f2xx_hal_msp.c **** }
 194              		.loc 1 132 1 view .LVU36
 195 0018 07B0     		add	sp, sp, #28
 196              	.LCFI7:
 197              		.cfi_remember_state
 198              		.cfi_def_cfa_offset 4
 199              		@ sp needed
 200 001a 5DF804FB 		ldr	pc, [sp], #4
 201              	.LVL6:
 202              	.L17:
 203              	.LCFI8:
 204              		.cfi_restore_state
 116:Core/Src/stm32f2xx_hal_msp.c ****     /**TIM5 GPIO Configuration
 205              		.loc 1 116 5 is_stmt 1 view .LVU37
 206              	.LBB5:
 116:Core/Src/stm32f2xx_hal_msp.c ****     /**TIM5 GPIO Configuration
 207              		.loc 1 116 5 view .LVU38
 208 001e 0023     		movs	r3, #0
 209 0020 0093     		str	r3, [sp]
 116:Core/Src/stm32f2xx_hal_msp.c ****     /**TIM5 GPIO Configuration
 210              		.loc 1 116 5 view .LVU39
 211 0022 0B4B     		ldr	r3, .L18+4
ARM GAS  /tmp/ccb3DikQ.s 			page 7


 212 0024 1A6B     		ldr	r2, [r3, #48]
 213 0026 42F00102 		orr	r2, r2, #1
 214 002a 1A63     		str	r2, [r3, #48]
 116:Core/Src/stm32f2xx_hal_msp.c ****     /**TIM5 GPIO Configuration
 215              		.loc 1 116 5 view .LVU40
 216 002c 1B6B     		ldr	r3, [r3, #48]
 217 002e 03F00103 		and	r3, r3, #1
 218 0032 0093     		str	r3, [sp]
 116:Core/Src/stm32f2xx_hal_msp.c ****     /**TIM5 GPIO Configuration
 219              		.loc 1 116 5 view .LVU41
 220 0034 009B     		ldr	r3, [sp]
 221              	.LBE5:
 116:Core/Src/stm32f2xx_hal_msp.c ****     /**TIM5 GPIO Configuration
 222              		.loc 1 116 5 view .LVU42
 120:Core/Src/stm32f2xx_hal_msp.c ****     GPIO_InitStruct.Mode = GPIO_MODE_AF_PP;
 223              		.loc 1 120 5 view .LVU43
 120:Core/Src/stm32f2xx_hal_msp.c ****     GPIO_InitStruct.Mode = GPIO_MODE_AF_PP;
 224              		.loc 1 120 25 is_stmt 0 view .LVU44
 225 0036 0123     		movs	r3, #1
 226 0038 0193     		str	r3, [sp, #4]
 121:Core/Src/stm32f2xx_hal_msp.c ****     GPIO_InitStruct.Pull = GPIO_NOPULL;
 227              		.loc 1 121 5 is_stmt 1 view .LVU45
 121:Core/Src/stm32f2xx_hal_msp.c ****     GPIO_InitStruct.Pull = GPIO_NOPULL;
 228              		.loc 1 121 26 is_stmt 0 view .LVU46
 229 003a 0223     		movs	r3, #2
 230 003c 0293     		str	r3, [sp, #8]
 122:Core/Src/stm32f2xx_hal_msp.c ****     GPIO_InitStruct.Speed = GPIO_SPEED_FREQ_LOW;
 231              		.loc 1 122 5 is_stmt 1 view .LVU47
 123:Core/Src/stm32f2xx_hal_msp.c ****     GPIO_InitStruct.Alternate = GPIO_AF2_TIM5;
 232              		.loc 1 123 5 view .LVU48
 124:Core/Src/stm32f2xx_hal_msp.c ****     HAL_GPIO_Init(GPIOA, &GPIO_InitStruct);
 233              		.loc 1 124 5 view .LVU49
 124:Core/Src/stm32f2xx_hal_msp.c ****     HAL_GPIO_Init(GPIOA, &GPIO_InitStruct);
 234              		.loc 1 124 31 is_stmt 0 view .LVU50
 235 003e 0593     		str	r3, [sp, #20]
 125:Core/Src/stm32f2xx_hal_msp.c **** 
 236              		.loc 1 125 5 is_stmt 1 view .LVU51
 237 0040 01A9     		add	r1, sp, #4
 238 0042 0448     		ldr	r0, .L18+8
 239              	.LVL7:
 125:Core/Src/stm32f2xx_hal_msp.c **** 
 240              		.loc 1 125 5 is_stmt 0 view .LVU52
 241 0044 FFF7FEFF 		bl	HAL_GPIO_Init
 242              	.LVL8:
 243              		.loc 1 132 1 view .LVU53
 244 0048 E6E7     		b	.L14
 245              	.L19:
 246 004a 00BF     		.align	2
 247              	.L18:
 248 004c 000C0040 		.word	1073744896
 249 0050 00380240 		.word	1073887232
 250 0054 00000240 		.word	1073872896
 251              		.cfi_endproc
 252              	.LFE74:
 254              		.section	.text.HAL_TIM_Base_MspDeInit,"ax",%progbits
 255              		.align	1
 256              		.global	HAL_TIM_Base_MspDeInit
ARM GAS  /tmp/ccb3DikQ.s 			page 8


 257              		.syntax unified
 258              		.thumb
 259              		.thumb_func
 261              	HAL_TIM_Base_MspDeInit:
 262              	.LVL9:
 263              	.LFB75:
 133:Core/Src/stm32f2xx_hal_msp.c **** /**
 134:Core/Src/stm32f2xx_hal_msp.c ****   * @brief TIM_Base MSP De-Initialization
 135:Core/Src/stm32f2xx_hal_msp.c ****   * This function freeze the hardware resources used in this example
 136:Core/Src/stm32f2xx_hal_msp.c ****   * @param htim_base: TIM_Base handle pointer
 137:Core/Src/stm32f2xx_hal_msp.c ****   * @retval None
 138:Core/Src/stm32f2xx_hal_msp.c ****   */
 139:Core/Src/stm32f2xx_hal_msp.c **** void HAL_TIM_Base_MspDeInit(TIM_HandleTypeDef* htim_base)
 140:Core/Src/stm32f2xx_hal_msp.c **** {
 264              		.loc 1 140 1 is_stmt 1 view -0
 265              		.cfi_startproc
 266              		@ args = 0, pretend = 0, frame = 0
 267              		@ frame_needed = 0, uses_anonymous_args = 0
 268              		.loc 1 140 1 is_stmt 0 view .LVU55
 269 0000 08B5     		push	{r3, lr}
 270              	.LCFI9:
 271              		.cfi_def_cfa_offset 8
 272              		.cfi_offset 3, -8
 273              		.cfi_offset 14, -4
 141:Core/Src/stm32f2xx_hal_msp.c ****   if(htim_base->Instance==TIM5)
 274              		.loc 1 141 3 is_stmt 1 view .LVU56
 275              		.loc 1 141 15 is_stmt 0 view .LVU57
 276 0002 0268     		ldr	r2, [r0]
 277              		.loc 1 141 5 view .LVU58
 278 0004 064B     		ldr	r3, .L24
 279 0006 9A42     		cmp	r2, r3
 280 0008 00D0     		beq	.L23
 281              	.LVL10:
 282              	.L20:
 142:Core/Src/stm32f2xx_hal_msp.c ****   {
 143:Core/Src/stm32f2xx_hal_msp.c ****     /* USER CODE BEGIN TIM5_MspDeInit 0 */
 144:Core/Src/stm32f2xx_hal_msp.c **** 
 145:Core/Src/stm32f2xx_hal_msp.c ****     /* USER CODE END TIM5_MspDeInit 0 */
 146:Core/Src/stm32f2xx_hal_msp.c ****     /* Peripheral clock disable */
 147:Core/Src/stm32f2xx_hal_msp.c ****     __HAL_RCC_TIM5_CLK_DISABLE();
 148:Core/Src/stm32f2xx_hal_msp.c **** 
 149:Core/Src/stm32f2xx_hal_msp.c ****     /* TIM5 interrupt DeInit */
 150:Core/Src/stm32f2xx_hal_msp.c ****     HAL_NVIC_DisableIRQ(TIM5_IRQn);
 151:Core/Src/stm32f2xx_hal_msp.c ****     /* USER CODE BEGIN TIM5_MspDeInit 1 */
 152:Core/Src/stm32f2xx_hal_msp.c **** 
 153:Core/Src/stm32f2xx_hal_msp.c ****     /* USER CODE END TIM5_MspDeInit 1 */
 154:Core/Src/stm32f2xx_hal_msp.c ****   }
 155:Core/Src/stm32f2xx_hal_msp.c **** 
 156:Core/Src/stm32f2xx_hal_msp.c **** }
 283              		.loc 1 156 1 view .LVU59
 284 000a 08BD     		pop	{r3, pc}
 285              	.LVL11:
 286              	.L23:
 147:Core/Src/stm32f2xx_hal_msp.c **** 
 287              		.loc 1 147 5 is_stmt 1 view .LVU60
 288 000c 054A     		ldr	r2, .L24+4
 289 000e 136C     		ldr	r3, [r2, #64]
ARM GAS  /tmp/ccb3DikQ.s 			page 9


 290 0010 23F00803 		bic	r3, r3, #8
 291 0014 1364     		str	r3, [r2, #64]
 150:Core/Src/stm32f2xx_hal_msp.c ****     /* USER CODE BEGIN TIM5_MspDeInit 1 */
 292              		.loc 1 150 5 view .LVU61
 293 0016 3220     		movs	r0, #50
 294              	.LVL12:
 150:Core/Src/stm32f2xx_hal_msp.c ****     /* USER CODE BEGIN TIM5_MspDeInit 1 */
 295              		.loc 1 150 5 is_stmt 0 view .LVU62
 296 0018 FFF7FEFF 		bl	HAL_NVIC_DisableIRQ
 297              	.LVL13:
 298              		.loc 1 156 1 view .LVU63
 299 001c F5E7     		b	.L20
 300              	.L25:
 301 001e 00BF     		.align	2
 302              	.L24:
 303 0020 000C0040 		.word	1073744896
 304 0024 00380240 		.word	1073887232
 305              		.cfi_endproc
 306              	.LFE75:
 308              		.section	.text.HAL_UART_MspInit,"ax",%progbits
 309              		.align	1
 310              		.global	HAL_UART_MspInit
 311              		.syntax unified
 312              		.thumb
 313              		.thumb_func
 315              	HAL_UART_MspInit:
 316              	.LVL14:
 317              	.LFB76:
 157:Core/Src/stm32f2xx_hal_msp.c **** 
 158:Core/Src/stm32f2xx_hal_msp.c **** /**
 159:Core/Src/stm32f2xx_hal_msp.c ****   * @brief UART MSP Initialization
 160:Core/Src/stm32f2xx_hal_msp.c ****   * This function configures the hardware resources used in this example
 161:Core/Src/stm32f2xx_hal_msp.c ****   * @param huart: UART handle pointer
 162:Core/Src/stm32f2xx_hal_msp.c ****   * @retval None
 163:Core/Src/stm32f2xx_hal_msp.c ****   */
 164:Core/Src/stm32f2xx_hal_msp.c **** void HAL_UART_MspInit(UART_HandleTypeDef* huart)
 165:Core/Src/stm32f2xx_hal_msp.c **** {
 318              		.loc 1 165 1 is_stmt 1 view -0
 319              		.cfi_startproc
 320              		@ args = 0, pretend = 0, frame = 32
 321              		@ frame_needed = 0, uses_anonymous_args = 0
 322              		.loc 1 165 1 is_stmt 0 view .LVU65
 323 0000 00B5     		push	{lr}
 324              	.LCFI10:
 325              		.cfi_def_cfa_offset 4
 326              		.cfi_offset 14, -4
 327 0002 89B0     		sub	sp, sp, #36
 328              	.LCFI11:
 329              		.cfi_def_cfa_offset 40
 166:Core/Src/stm32f2xx_hal_msp.c ****   GPIO_InitTypeDef GPIO_InitStruct = {0};
 330              		.loc 1 166 3 is_stmt 1 view .LVU66
 331              		.loc 1 166 20 is_stmt 0 view .LVU67
 332 0004 0023     		movs	r3, #0
 333 0006 0393     		str	r3, [sp, #12]
 334 0008 0493     		str	r3, [sp, #16]
 335 000a 0593     		str	r3, [sp, #20]
 336 000c 0693     		str	r3, [sp, #24]
ARM GAS  /tmp/ccb3DikQ.s 			page 10


 337 000e 0793     		str	r3, [sp, #28]
 167:Core/Src/stm32f2xx_hal_msp.c ****   if(huart->Instance==USART3)
 338              		.loc 1 167 3 is_stmt 1 view .LVU68
 339              		.loc 1 167 11 is_stmt 0 view .LVU69
 340 0010 0268     		ldr	r2, [r0]
 341              		.loc 1 167 5 view .LVU70
 342 0012 154B     		ldr	r3, .L30
 343 0014 9A42     		cmp	r2, r3
 344 0016 02D0     		beq	.L29
 345              	.LVL15:
 346              	.L26:
 168:Core/Src/stm32f2xx_hal_msp.c ****   {
 169:Core/Src/stm32f2xx_hal_msp.c ****     /* USER CODE BEGIN USART3_MspInit 0 */
 170:Core/Src/stm32f2xx_hal_msp.c **** 
 171:Core/Src/stm32f2xx_hal_msp.c ****     /* USER CODE END USART3_MspInit 0 */
 172:Core/Src/stm32f2xx_hal_msp.c ****     /* Peripheral clock enable */
 173:Core/Src/stm32f2xx_hal_msp.c ****     __HAL_RCC_USART3_CLK_ENABLE();
 174:Core/Src/stm32f2xx_hal_msp.c **** 
 175:Core/Src/stm32f2xx_hal_msp.c ****     __HAL_RCC_GPIOD_CLK_ENABLE();
 176:Core/Src/stm32f2xx_hal_msp.c ****     /**USART3 GPIO Configuration
 177:Core/Src/stm32f2xx_hal_msp.c ****     PD8     ------> USART3_TX
 178:Core/Src/stm32f2xx_hal_msp.c ****     PD9     ------> USART3_RX
 179:Core/Src/stm32f2xx_hal_msp.c ****     */
 180:Core/Src/stm32f2xx_hal_msp.c ****     GPIO_InitStruct.Pin = STLK_RX_Pin|STLK_TX_Pin;
 181:Core/Src/stm32f2xx_hal_msp.c ****     GPIO_InitStruct.Mode = GPIO_MODE_AF_PP;
 182:Core/Src/stm32f2xx_hal_msp.c ****     GPIO_InitStruct.Pull = GPIO_NOPULL;
 183:Core/Src/stm32f2xx_hal_msp.c ****     GPIO_InitStruct.Speed = GPIO_SPEED_FREQ_VERY_HIGH;
 184:Core/Src/stm32f2xx_hal_msp.c ****     GPIO_InitStruct.Alternate = GPIO_AF7_USART3;
 185:Core/Src/stm32f2xx_hal_msp.c ****     HAL_GPIO_Init(GPIOD, &GPIO_InitStruct);
 186:Core/Src/stm32f2xx_hal_msp.c **** 
 187:Core/Src/stm32f2xx_hal_msp.c ****     /* USER CODE BEGIN USART3_MspInit 1 */
 188:Core/Src/stm32f2xx_hal_msp.c **** 
 189:Core/Src/stm32f2xx_hal_msp.c ****     /* USER CODE END USART3_MspInit 1 */
 190:Core/Src/stm32f2xx_hal_msp.c **** 
 191:Core/Src/stm32f2xx_hal_msp.c ****   }
 192:Core/Src/stm32f2xx_hal_msp.c **** 
 193:Core/Src/stm32f2xx_hal_msp.c **** }
 347              		.loc 1 193 1 view .LVU71
 348 0018 09B0     		add	sp, sp, #36
 349              	.LCFI12:
 350              		.cfi_remember_state
 351              		.cfi_def_cfa_offset 4
 352              		@ sp needed
 353 001a 5DF804FB 		ldr	pc, [sp], #4
 354              	.LVL16:
 355              	.L29:
 356              	.LCFI13:
 357              		.cfi_restore_state
 173:Core/Src/stm32f2xx_hal_msp.c **** 
 358              		.loc 1 173 5 is_stmt 1 view .LVU72
 359              	.LBB6:
 173:Core/Src/stm32f2xx_hal_msp.c **** 
 360              		.loc 1 173 5 view .LVU73
 361 001e 0021     		movs	r1, #0
 362 0020 0191     		str	r1, [sp, #4]
 173:Core/Src/stm32f2xx_hal_msp.c **** 
 363              		.loc 1 173 5 view .LVU74
ARM GAS  /tmp/ccb3DikQ.s 			page 11


 364 0022 03F5F833 		add	r3, r3, #126976
 365 0026 1A6C     		ldr	r2, [r3, #64]
 366 0028 42F48022 		orr	r2, r2, #262144
 367 002c 1A64     		str	r2, [r3, #64]
 173:Core/Src/stm32f2xx_hal_msp.c **** 
 368              		.loc 1 173 5 view .LVU75
 369 002e 1A6C     		ldr	r2, [r3, #64]
 370 0030 02F48022 		and	r2, r2, #262144
 371 0034 0192     		str	r2, [sp, #4]
 173:Core/Src/stm32f2xx_hal_msp.c **** 
 372              		.loc 1 173 5 view .LVU76
 373 0036 019A     		ldr	r2, [sp, #4]
 374              	.LBE6:
 173:Core/Src/stm32f2xx_hal_msp.c **** 
 375              		.loc 1 173 5 view .LVU77
 175:Core/Src/stm32f2xx_hal_msp.c ****     /**USART3 GPIO Configuration
 376              		.loc 1 175 5 view .LVU78
 377              	.LBB7:
 175:Core/Src/stm32f2xx_hal_msp.c ****     /**USART3 GPIO Configuration
 378              		.loc 1 175 5 view .LVU79
 379 0038 0291     		str	r1, [sp, #8]
 175:Core/Src/stm32f2xx_hal_msp.c ****     /**USART3 GPIO Configuration
 380              		.loc 1 175 5 view .LVU80
 381 003a 1A6B     		ldr	r2, [r3, #48]
 382 003c 42F00802 		orr	r2, r2, #8
 383 0040 1A63     		str	r2, [r3, #48]
 175:Core/Src/stm32f2xx_hal_msp.c ****     /**USART3 GPIO Configuration
 384              		.loc 1 175 5 view .LVU81
 385 0042 1B6B     		ldr	r3, [r3, #48]
 386 0044 03F00803 		and	r3, r3, #8
 387 0048 0293     		str	r3, [sp, #8]
 175:Core/Src/stm32f2xx_hal_msp.c ****     /**USART3 GPIO Configuration
 388              		.loc 1 175 5 view .LVU82
 389 004a 029B     		ldr	r3, [sp, #8]
 390              	.LBE7:
 175:Core/Src/stm32f2xx_hal_msp.c ****     /**USART3 GPIO Configuration
 391              		.loc 1 175 5 view .LVU83
 180:Core/Src/stm32f2xx_hal_msp.c ****     GPIO_InitStruct.Mode = GPIO_MODE_AF_PP;
 392              		.loc 1 180 5 view .LVU84
 180:Core/Src/stm32f2xx_hal_msp.c ****     GPIO_InitStruct.Mode = GPIO_MODE_AF_PP;
 393              		.loc 1 180 25 is_stmt 0 view .LVU85
 394 004c 4FF44073 		mov	r3, #768
 395 0050 0393     		str	r3, [sp, #12]
 181:Core/Src/stm32f2xx_hal_msp.c ****     GPIO_InitStruct.Pull = GPIO_NOPULL;
 396              		.loc 1 181 5 is_stmt 1 view .LVU86
 181:Core/Src/stm32f2xx_hal_msp.c ****     GPIO_InitStruct.Pull = GPIO_NOPULL;
 397              		.loc 1 181 26 is_stmt 0 view .LVU87
 398 0052 0223     		movs	r3, #2
 399 0054 0493     		str	r3, [sp, #16]
 182:Core/Src/stm32f2xx_hal_msp.c ****     GPIO_InitStruct.Speed = GPIO_SPEED_FREQ_VERY_HIGH;
 400              		.loc 1 182 5 is_stmt 1 view .LVU88
 183:Core/Src/stm32f2xx_hal_msp.c ****     GPIO_InitStruct.Alternate = GPIO_AF7_USART3;
 401              		.loc 1 183 5 view .LVU89
 183:Core/Src/stm32f2xx_hal_msp.c ****     GPIO_InitStruct.Alternate = GPIO_AF7_USART3;
 402              		.loc 1 183 27 is_stmt 0 view .LVU90
 403 0056 0323     		movs	r3, #3
 404 0058 0693     		str	r3, [sp, #24]
ARM GAS  /tmp/ccb3DikQ.s 			page 12


 184:Core/Src/stm32f2xx_hal_msp.c ****     HAL_GPIO_Init(GPIOD, &GPIO_InitStruct);
 405              		.loc 1 184 5 is_stmt 1 view .LVU91
 184:Core/Src/stm32f2xx_hal_msp.c ****     HAL_GPIO_Init(GPIOD, &GPIO_InitStruct);
 406              		.loc 1 184 31 is_stmt 0 view .LVU92
 407 005a 0723     		movs	r3, #7
 408 005c 0793     		str	r3, [sp, #28]
 185:Core/Src/stm32f2xx_hal_msp.c **** 
 409              		.loc 1 185 5 is_stmt 1 view .LVU93
 410 005e 03A9     		add	r1, sp, #12
 411 0060 0248     		ldr	r0, .L30+4
 412              	.LVL17:
 185:Core/Src/stm32f2xx_hal_msp.c **** 
 413              		.loc 1 185 5 is_stmt 0 view .LVU94
 414 0062 FFF7FEFF 		bl	HAL_GPIO_Init
 415              	.LVL18:
 416              		.loc 1 193 1 view .LVU95
 417 0066 D7E7     		b	.L26
 418              	.L31:
 419              		.align	2
 420              	.L30:
 421 0068 00480040 		.word	1073760256
 422 006c 000C0240 		.word	1073875968
 423              		.cfi_endproc
 424              	.LFE76:
 426              		.section	.text.HAL_UART_MspDeInit,"ax",%progbits
 427              		.align	1
 428              		.global	HAL_UART_MspDeInit
 429              		.syntax unified
 430              		.thumb
 431              		.thumb_func
 433              	HAL_UART_MspDeInit:
 434              	.LVL19:
 435              	.LFB77:
 194:Core/Src/stm32f2xx_hal_msp.c **** 
 195:Core/Src/stm32f2xx_hal_msp.c **** /**
 196:Core/Src/stm32f2xx_hal_msp.c ****   * @brief UART MSP De-Initialization
 197:Core/Src/stm32f2xx_hal_msp.c ****   * This function freeze the hardware resources used in this example
 198:Core/Src/stm32f2xx_hal_msp.c ****   * @param huart: UART handle pointer
 199:Core/Src/stm32f2xx_hal_msp.c ****   * @retval None
 200:Core/Src/stm32f2xx_hal_msp.c ****   */
 201:Core/Src/stm32f2xx_hal_msp.c **** void HAL_UART_MspDeInit(UART_HandleTypeDef* huart)
 202:Core/Src/stm32f2xx_hal_msp.c **** {
 436              		.loc 1 202 1 is_stmt 1 view -0
 437              		.cfi_startproc
 438              		@ args = 0, pretend = 0, frame = 0
 439              		@ frame_needed = 0, uses_anonymous_args = 0
 440              		.loc 1 202 1 is_stmt 0 view .LVU97
 441 0000 08B5     		push	{r3, lr}
 442              	.LCFI14:
 443              		.cfi_def_cfa_offset 8
 444              		.cfi_offset 3, -8
 445              		.cfi_offset 14, -4
 203:Core/Src/stm32f2xx_hal_msp.c ****   if(huart->Instance==USART3)
 446              		.loc 1 203 3 is_stmt 1 view .LVU98
 447              		.loc 1 203 11 is_stmt 0 view .LVU99
 448 0002 0268     		ldr	r2, [r0]
 449              		.loc 1 203 5 view .LVU100
ARM GAS  /tmp/ccb3DikQ.s 			page 13


 450 0004 074B     		ldr	r3, .L36
 451 0006 9A42     		cmp	r2, r3
 452 0008 00D0     		beq	.L35
 453              	.LVL20:
 454              	.L32:
 204:Core/Src/stm32f2xx_hal_msp.c ****   {
 205:Core/Src/stm32f2xx_hal_msp.c ****     /* USER CODE BEGIN USART3_MspDeInit 0 */
 206:Core/Src/stm32f2xx_hal_msp.c **** 
 207:Core/Src/stm32f2xx_hal_msp.c ****     /* USER CODE END USART3_MspDeInit 0 */
 208:Core/Src/stm32f2xx_hal_msp.c ****     /* Peripheral clock disable */
 209:Core/Src/stm32f2xx_hal_msp.c ****     __HAL_RCC_USART3_CLK_DISABLE();
 210:Core/Src/stm32f2xx_hal_msp.c **** 
 211:Core/Src/stm32f2xx_hal_msp.c ****     /**USART3 GPIO Configuration
 212:Core/Src/stm32f2xx_hal_msp.c ****     PD8     ------> USART3_TX
 213:Core/Src/stm32f2xx_hal_msp.c ****     PD9     ------> USART3_RX
 214:Core/Src/stm32f2xx_hal_msp.c ****     */
 215:Core/Src/stm32f2xx_hal_msp.c ****     HAL_GPIO_DeInit(GPIOD, STLK_RX_Pin|STLK_TX_Pin);
 216:Core/Src/stm32f2xx_hal_msp.c **** 
 217:Core/Src/stm32f2xx_hal_msp.c ****     /* USER CODE BEGIN USART3_MspDeInit 1 */
 218:Core/Src/stm32f2xx_hal_msp.c **** 
 219:Core/Src/stm32f2xx_hal_msp.c ****     /* USER CODE END USART3_MspDeInit 1 */
 220:Core/Src/stm32f2xx_hal_msp.c ****   }
 221:Core/Src/stm32f2xx_hal_msp.c **** 
 222:Core/Src/stm32f2xx_hal_msp.c **** }
 455              		.loc 1 222 1 view .LVU101
 456 000a 08BD     		pop	{r3, pc}
 457              	.LVL21:
 458              	.L35:
 209:Core/Src/stm32f2xx_hal_msp.c **** 
 459              		.loc 1 209 5 is_stmt 1 view .LVU102
 460 000c 064A     		ldr	r2, .L36+4
 461 000e 136C     		ldr	r3, [r2, #64]
 462 0010 23F48023 		bic	r3, r3, #262144
 463 0014 1364     		str	r3, [r2, #64]
 215:Core/Src/stm32f2xx_hal_msp.c **** 
 464              		.loc 1 215 5 view .LVU103
 465 0016 4FF44071 		mov	r1, #768
 466 001a 0448     		ldr	r0, .L36+8
 467              	.LVL22:
 215:Core/Src/stm32f2xx_hal_msp.c **** 
 468              		.loc 1 215 5 is_stmt 0 view .LVU104
 469 001c FFF7FEFF 		bl	HAL_GPIO_DeInit
 470              	.LVL23:
 471              		.loc 1 222 1 view .LVU105
 472 0020 F3E7     		b	.L32
 473              	.L37:
 474 0022 00BF     		.align	2
 475              	.L36:
 476 0024 00480040 		.word	1073760256
 477 0028 00380240 		.word	1073887232
 478 002c 000C0240 		.word	1073875968
 479              		.cfi_endproc
 480              	.LFE77:
 482              		.text
 483              	.Letext0:
 484              		.file 2 "Drivers/CMSIS/Device/ST/STM32F2xx/Include/stm32f207xx.h"
 485              		.file 3 "/home/sru/.local/xPacks/arm-none-eabi-gcc/xpack-arm-none-eabi-gcc-14.2.1-1.1/arm-none-eab
ARM GAS  /tmp/ccb3DikQ.s 			page 14


 486              		.file 4 "/home/sru/.local/xPacks/arm-none-eabi-gcc/xpack-arm-none-eabi-gcc-14.2.1-1.1/arm-none-eab
 487              		.file 5 "Drivers/STM32F2xx_HAL_Driver/Inc/stm32f2xx_hal_def.h"
 488              		.file 6 "Drivers/STM32F2xx_HAL_Driver/Inc/stm32f2xx_hal_gpio.h"
 489              		.file 7 "Drivers/STM32F2xx_HAL_Driver/Inc/stm32f2xx_hal_dma.h"
 490              		.file 8 "Drivers/STM32F2xx_HAL_Driver/Inc/stm32f2xx_hal_tim.h"
 491              		.file 9 "Drivers/STM32F2xx_HAL_Driver/Inc/stm32f2xx_hal_uart.h"
 492              		.file 10 "Drivers/STM32F2xx_HAL_Driver/Inc/stm32f2xx_hal_cortex.h"
ARM GAS  /tmp/ccb3DikQ.s 			page 15


DEFINED SYMBOLS
                            *ABS*:00000000 stm32f2xx_hal_msp.c
     /tmp/ccb3DikQ.s:19     .text.HAL_MspInit:00000000 $t
     /tmp/ccb3DikQ.s:25     .text.HAL_MspInit:00000000 HAL_MspInit
     /tmp/ccb3DikQ.s:78     .text.HAL_MspInit:00000034 $d
     /tmp/ccb3DikQ.s:83     .text.HAL_TIM_Base_MspInit:00000000 $t
     /tmp/ccb3DikQ.s:89     .text.HAL_TIM_Base_MspInit:00000000 HAL_TIM_Base_MspInit
     /tmp/ccb3DikQ.s:151    .text.HAL_TIM_Base_MspInit:0000003c $d
     /tmp/ccb3DikQ.s:156    .text.HAL_TIM_MspPostInit:00000000 $t
     /tmp/ccb3DikQ.s:162    .text.HAL_TIM_MspPostInit:00000000 HAL_TIM_MspPostInit
     /tmp/ccb3DikQ.s:248    .text.HAL_TIM_MspPostInit:0000004c $d
     /tmp/ccb3DikQ.s:255    .text.HAL_TIM_Base_MspDeInit:00000000 $t
     /tmp/ccb3DikQ.s:261    .text.HAL_TIM_Base_MspDeInit:00000000 HAL_TIM_Base_MspDeInit
     /tmp/ccb3DikQ.s:303    .text.HAL_TIM_Base_MspDeInit:00000020 $d
     /tmp/ccb3DikQ.s:309    .text.HAL_UART_MspInit:00000000 $t
     /tmp/ccb3DikQ.s:315    .text.HAL_UART_MspInit:00000000 HAL_UART_MspInit
     /tmp/ccb3DikQ.s:421    .text.HAL_UART_MspInit:00000068 $d
     /tmp/ccb3DikQ.s:427    .text.HAL_UART_MspDeInit:00000000 $t
     /tmp/ccb3DikQ.s:433    .text.HAL_UART_MspDeInit:00000000 HAL_UART_MspDeInit
     /tmp/ccb3DikQ.s:476    .text.HAL_UART_MspDeInit:00000024 $d

UNDEFINED SYMBOLS
HAL_NVIC_SetPriority
HAL_NVIC_EnableIRQ
HAL_GPIO_Init
HAL_NVIC_DisableIRQ
HAL_GPIO_DeInit
